Archive member included to satisfy reference by file (symbol)

../../Middlewares/ST/AI/Lib\NetworkRuntime1020_CM7_GCC.a(ai_platform.o)
                              ./X-CUBE-AI/App/sin.o (ai_buffer_array_item_set_address)
../../Middlewares/ST/AI/Lib\NetworkRuntime1020_CM7_GCC.a(ai_platform_interface.o)
                              ./X-CUBE-AI/App/sin.o (ai_platform_get_weights_map)
../../Middlewares/ST/AI/Lib\NetworkRuntime1020_CM7_GCC.a(core_common.o)
                              ../../Middlewares/ST/AI/Lib\NetworkRuntime1020_CM7_GCC.a(ai_platform_interface.o) (core_init)
../../Middlewares/ST/AI/Lib\NetworkRuntime1020_CM7_GCC.a(core_mem_manager.o)
                              ../../Middlewares/ST/AI/Lib\NetworkRuntime1020_CM7_GCC.a(ai_platform_interface.o) (core_mem_alloc)
../../Middlewares/ST/AI/Lib\NetworkRuntime1020_CM7_GCC.a(layers.o)
                              ../../Middlewares/ST/AI/Lib\NetworkRuntime1020_CM7_GCC.a(ai_platform_interface.o) (ai_check_custom_types)
../../Middlewares/ST/AI/Lib\NetworkRuntime1020_CM7_GCC.a(layers_conv2d_generic_float.o)
                              ./X-CUBE-AI/App/sin.o (forward_dense)
../../Middlewares/ST/AI/Lib\NetworkRuntime1020_CM7_GCC.a(layers_nl_generic_float.o)
                              ./X-CUBE-AI/App/sin.o (forward_tanh)
../../Middlewares/ST/AI/Lib\NetworkRuntime1020_CM7_GCC.a(layers_conv2d_integer_scratch.o)
                              ../../Middlewares/ST/AI/Lib\NetworkRuntime1020_CM7_GCC.a(layers.o) (get_dense_scratch_size_s8)
../../Middlewares/ST/AI/Lib\NetworkRuntime1020_CM7_GCC.a(forward_lite_conv2d_if32of32wf32.o)
                              ../../Middlewares/ST/AI/Lib\NetworkRuntime1020_CM7_GCC.a(layers_conv2d_generic_float.o) (forward_lite_conv2d_if32of32wf32)
../../Middlewares/ST/AI/Lib\NetworkRuntime1020_CM7_GCC.a(lite_nl_softmax_if32of32.o)
                              ../../Middlewares/ST/AI/Lib\NetworkRuntime1020_CM7_GCC.a(layers_nl_generic_float.o) (forward_lite_nl_softmax_if32of32_kernel)
../../Middlewares/ST/AI/Lib\NetworkRuntime1020_CM7_GCC.a(lite_nl_relu_if32of32.o)
                              ../../Middlewares/ST/AI/Lib\NetworkRuntime1020_CM7_GCC.a(layers_nl_generic_float.o) (forward_lite_nl_prelu_if32of32_kernel)
../../Middlewares/ST/AI/Lib\NetworkRuntime1020_CM7_GCC.a(lite_dense_if32.o)
                              ../../Middlewares/ST/AI/Lib\NetworkRuntime1020_CM7_GCC.a(layers_conv2d_generic_float.o) (lite_decompress_ilutof32)
../../Middlewares/ST/AI/Lib\NetworkRuntime1020_CM7_GCC.a(lite_nl_generic_float.o)
                              ../../Middlewares/ST/AI/Lib\NetworkRuntime1020_CM7_GCC.a(layers_nl_generic_float.o) (forward_lite_nl_softmax_if32of32)
../../Middlewares/ST/AI/Lib\NetworkRuntime1020_CM7_GCC.a(st_int8_fill.o)
                              ../../Middlewares/ST/AI/Lib\NetworkRuntime1020_CM7_GCC.a(ai_platform_interface.o) (st_int8_copy)
../../Middlewares/ST/AI/Lib\NetworkRuntime1020_CM7_GCC.a(ai_math_helpers.o)
                              ../../Middlewares/ST/AI/Lib\NetworkRuntime1020_CM7_GCC.a(layers_nl_generic_float.o) (ai_math_sqrt)
../../Middlewares/ST/AI/Lib\NetworkRuntime1020_CM7_GCC.a(ai_datatypes_format.o)
                              ../../Middlewares/ST/AI/Lib\NetworkRuntime1020_CM7_GCC.a(ai_platform_interface.o) (ai_array_to_buffer_fmt)
../../Middlewares/ST/AI/Lib\NetworkRuntime1020_CM7_GCC.a(ai_datatypes_internal.o)
                              ../../Middlewares/ST/AI/Lib\NetworkRuntime1020_CM7_GCC.a(ai_platform_interface.o) (ai_version_get)
../../Middlewares/ST/AI/Lib\NetworkRuntime1020_CM7_GCC.a(ai_math_elementwise_mul_int8.o)
                              ../../Middlewares/ST/AI/Lib\NetworkRuntime1020_CM7_GCC.a(ai_math_helpers.o) (ai_math_elementwise_mul_int8)
../../Middlewares/ST/AI/Lib\NetworkRuntime1020_CM7_GCC.a(ai_math_elementwise_sum_int8.o)
                              ../../Middlewares/ST/AI/Lib\NetworkRuntime1020_CM7_GCC.a(ai_math_helpers.o) (ai_math_elementwise_sum_int8)
../../Middlewares/ST/AI/Lib\NetworkRuntime1020_CM7_GCC.a(st_align_factor.o)
                              ../../Middlewares/ST/AI/Lib\NetworkRuntime1020_CM7_GCC.a(ai_math_helpers.o) (align_factor)
C:/ST/STM32CubeIDE_2.1.1/STM32CubeIDE/plugins/com.st.stm32cube.ide.mcu.externaltools.gnu-tools-for-stm32.14.3.rel1.win32_1.0.100.202602081740/tools/bin/../lib/gcc/arm-none-eabi/14.3.1/../../../../arm-none-eabi/lib/thumb/v7e-m+dp/hard\libc_nano.a(libc_a-atof.o)
                              ./Core/Src/main.o (atof)
C:/ST/STM32CubeIDE_2.1.1/STM32CubeIDE/plugins/com.st.stm32cube.ide.mcu.externaltools.gnu-tools-for-stm32.14.3.rel1.win32_1.0.100.202602081740/tools/bin/../lib/gcc/arm-none-eabi/14.3.1/../../../../arm-none-eabi/lib/thumb/v7e-m+dp/hard\libc_nano.a(libc_a-exit.o)
[...]
Memory Configuration

Name             Origin             Length             Attributes
RAM_D1           0x24000000         0x00080000         xrw
FLASH            0x08000000         0x00100000         xr
DTCMRAM          0x20000000         0x00020000         xrw
RAM_D2           0x30000000         0x00048000         xrw
RAM_D3           0x38000000         0x00010000         xrw
ITCMRAM          0x00000000         0x00010000         xrw
*default*        0x00000000         0xffffffff

Linker script and memory map

LOAD C:/ST/STM32CubeIDE_2.1.1/STM32CubeIDE/plugins/com.st.stm32cube.ide.mcu.externaltools.gnu-tools-for-stm32.14.3.rel1.win32_1.0.100.202602081740/tools/bin/../lib/gcc/arm-none-eabi/14.3.1/thumb/v7e-m+dp/hard/crti.o
LOAD C:/ST/STM32CubeIDE_2.1.1/STM32CubeIDE/plugins/com.st.stm32cube.ide.mcu.externaltools.gnu-tools-for-stm32.14.3.rel1.win32_1.0.100.202602081740/tools/bin/../lib/gcc/arm-none-eabi/14.3.1/thumb/v7e-m+dp/hard/crtbegin.o
LOAD C:/ST/STM32CubeIDE_2.1.1/STM32CubeIDE/plugins/com.st.stm32cube.ide.mcu.externaltools.gnu-tools-for-stm32.14.3.rel1.win32_1.0.100.202602081740/tools/bin/../lib/gcc/arm-none-eabi/14.3.1/../../../../arm-none-eabi/lib/thumb/v7e-m+dp/hard/crt0.o
LOAD ./Common/Src/system_stm32h7xx_dualcore_boot_cm4_cm7.o
LOAD ./Core/Src/gpio.o
LOAD ./Core/Src/main.o
LOAD ./Core/Src/stm32h7xx_hal_msp.o
LOAD ./Core/Src/stm32h7xx_it.o
LOAD ./Core/Src/syscalls.o
LOAD ./Core/Src/sysmem.o
LOAD ./Core/Src/usart.o
LOAD ./Core/Startup/startup_stm32h745zitx.o
LOAD ./Drivers/STM32H7xx_HAL_Driver/stm32h7xx_hal.o
LOAD ./Drivers/STM32H7xx_HAL_Driver/stm32h7xx_hal_cortex.o
LOAD ./Drivers/STM32H7xx_HAL_Driver/stm32h7xx_hal_dma.o
LOAD ./Drivers/STM32H7xx_HAL_Driver/stm32h7xx_hal_dma_ex.o
LOAD ./Drivers/STM32H7xx_HAL_Driver/stm32h7xx_hal_exti.o
LOAD ./Drivers/STM32H7xx_HAL_Driver/stm32h7xx_hal_flash.o
LOAD ./Drivers/STM32H7xx_HAL_Driver/stm32h7xx_hal_flash_ex.o
LOAD ./Drivers/STM32H7xx_HAL_Driver/stm32h7xx_hal_gpio.o
LOAD ./Drivers/STM32H7xx_HAL_Driver/stm32h7xx_hal_hsem.o
LOAD ./Drivers/STM32H7xx_HAL_Driver/stm32h7xx_hal_i2c.o
LOAD ./Drivers/STM32H7xx_HAL_Driver/stm32h7xx_hal_i2c_ex.o
LOAD ./Drivers/STM32H7xx_HAL_Driver/stm32h7xx_hal_mdma.o
LOAD ./Drivers/STM32H7xx_HAL_Driver/stm32h7xx_hal_pwr.o
LOAD ./Drivers/STM32H7xx_HAL_Driver/stm32h7xx_hal_pwr_ex.o
LOAD ./Drivers/STM32H7xx_HAL_Driver/stm32h7xx_hal_rcc.o
LOAD ./Drivers/STM32H7xx_HAL_Driver/stm32h7xx_hal_rcc_ex.o
LOAD ./Drivers/STM32H7xx_HAL_Driver/stm32h7xx_hal_tim.o
LOAD ./Drivers/STM32H7xx_HAL_Driver/stm32h7xx_hal_tim_ex.o
LOAD ./Drivers/STM32H7xx_HAL_Driver/stm32h7xx_hal_uart.o
LOAD ./Drivers/STM32H7xx_HAL_Driver/stm32h7xx_hal_uart_ex.o
LOAD ./X-CUBE-AI/App/sin.o
LOAD ./X-CUBE-AI/App/sin_data.o
LOAD ./X-CUBE-AI/App/sin_data_params.o
LOAD ../../Middlewares/ST/AI/Lib\NetworkRuntime1020_CM7_GCC.a
START GROUP
LOAD C:/ST/STM32CubeIDE_2.1.1/STM32CubeIDE/plugins/com.st.stm32cube.ide.mcu.externaltools.gnu-tools-for-stm32.14.3.rel1.win32_1.0.100.202602081740/tools/bin/../lib/gcc/arm-none-eabi/14.3.1/../../../../arm-none-eabi/lib/thumb/v7e-m+dp/hard\libc_nano.a
LOAD C:/ST/STM32CubeIDE_2.1.1/STM32CubeIDE/plugins/com.st.stm32cube.ide.mcu.externaltools.gnu-tools-for-stm32.14.3.rel1.win32_1.0.100.202602081740/tools/bin/../lib/gcc/arm-none-eabi/14.3.1/../../../../arm-none-eabi/lib/thumb/v7e-m+dp/hard\libm.a
END GROUP
START GROUP
LOAD C:/ST/STM32CubeIDE_2.1.1/STM32CubeIDE/plugins/com.st.stm32cube.ide.mcu.externaltools.gnu-tools-for-stm32.14.3.rel1.win32_1.0.100.202602081740/tools/bin/../lib/gcc/arm-none-eabi/14.3.1/thumb/v7e-m+dp/hard\libgcc.a
LOAD C:/ST/STM32CubeIDE_2.1.1/STM32CubeIDE/plugins/com.st.stm32cube.ide.mcu.externaltools.gnu-tools-for-stm32.14.3.rel1.win32_1.0.100.202602081740/tools/bin/../lib/gcc/arm-none-eabi/14.3.1/../../../../arm-none-eabi/lib/thumb/v7e-m+dp/hard\libc_nano.a
END GROUP
START GROUP
LOAD C:/ST/STM32CubeIDE_2.1.1/STM32CubeIDE/plugins/com.st.stm32cube.ide.mcu.externaltools.gnu-tools-for-stm32.14.3.rel1.win32_1.0.100.202602081740/tools/bin/../lib/gcc/arm-none-eabi/14.3.1/thumb/v7e-m+dp/hard\libgcc.a
LOAD C:/ST/STM32CubeIDE_2.1.1/STM32CubeIDE/plugins/com.st.stm32cube.ide.mcu.externaltools.gnu-tools-for-stm32.14.3.rel1.win32_1.0.100.202602081740/tools/bin/../lib/gcc/arm-none-eabi/14.3.1/../../../../arm-none-eabi/lib/thumb/v7e-m+dp/hard\libc_nano.a
LOAD C:/ST/STM32CubeIDE_2.1.1/STM32CubeIDE/plugins/com.st.stm32cube.ide.mcu.externaltools.gnu-tools-for-stm32.14.3.rel1.win32_1.0.100.202602081740/tools/bin/../lib/gcc/arm-none-eabi/14.3.1/../../../../arm-none-eabi/lib/thumb/v7e-m+dp/hard\libnosys.a
END GROUP
START GROUP
LOAD C:/ST/STM32CubeIDE_2.1.1/STM32CubeIDE/plugins/com.st.stm32cube.ide.mcu.externaltools.gnu-tools-for-stm32.14.3.rel1.win32_1.0.100.202602081740/tools/bin/../lib/gcc/arm-none-eabi/14.3.1/thumb/v7e-m+dp/hard\libgcc.a
LOAD C:/ST/STM32CubeIDE_2.1.1/STM32CubeIDE/plugins/com.st.stm32cube.ide.mcu.externaltools.gnu-tools-for-stm32.14.3.rel1.win32_1.0.100.202602081740/tools/bin/../lib/gcc/arm-none-eabi/14.3.1/../../../../arm-none-eabi/lib/thumb/v7e-m+dp/hard\libc_nano.a
LOAD C:/ST/STM32CubeIDE_2.1.1/STM32CubeIDE/plugins/com.st.stm32cube.ide.mcu.externaltools.gnu-tools-for-stm32.14.3.rel1.win32_1.0.100.202602081740/tools/bin/../lib/gcc/arm-none-eabi/14.3.1/../../../../arm-none-eabi/lib/thumb/v7e-m+dp/hard\libnosys.a
END GROUP
LOAD C:/ST/STM32CubeIDE_2.1.1/STM32CubeIDE/plugins/com.st.stm32cube.ide.mcu.externaltools.gnu-tools-for-stm32.14.3.rel1.win32_1.0.100.202602081740/tools/bin/../lib/gcc/arm-none-eabi/14.3.1/thumb/v7e-m+dp/hard/crtend.o
LOAD C:/ST/STM32CubeIDE_2.1.1/STM32CubeIDE/plugins/com.st.stm32cube.ide.mcu.externaltools.gnu-tools-for-stm32.14.3.rel1.win32_1.0.100.202602081740/tools/bin/../lib/gcc/arm-none-eabi/14.3.1/thumb/v7e-m+dp/hard/crtn.o
                0x24080000                        _estack = (ORIGIN (RAM_D1) + LENGTH (RAM_D1))
                0x00000800                        _Min_Heap_Size = 0x800
                0x00000800                        _Min_Stack_Size = 0x800

.isr_vector     0x08000000      0x298
                0x08000000                        . = ALIGN (0x4)
 *(.isr_vector)
 .isr_vector    0x08000000      0x298 ./Core/Startup/startup_stm32h745zitx.o
                0x08000000                g_pfnVectors
                0x08000298                        . = ALIGN (0x4)

.text           0x080002a0     0xc38c
                0x080002a0                        . = ALIGN (0x4)
 *(.text)
 .text          0x080002a0       0x40 C:/ST/STM32CubeIDE_2.1.1/STM32CubeIDE/plugins/com.st.stm32cube.ide.mcu.externaltools.gnu-tools-for-stm32.14.3.rel1.win32_1.0.100.202602081740/tools/bin/../lib/gcc/arm-none-eabi/14.3.1/thumb/v7e-m+dp/hard/crtbegin.o
 .text          0x080002e0       0xa0 C:/ST/STM32CubeIDE_2.1.1/STM32CubeIDE/plugins/com.st.stm32cube.ide.mcu.externaltools.gnu-tools-for-stm32.14.3.rel1.win32_1.0.100.202602081740/tools/bin/../lib/gcc/arm-none-eabi/14.3.1/../../../../arm-none-eabi/lib/thumb/v7e-m+dp/hard\libc_nano.a(libc_a-memchr.o)
                0x080002e0                memchr
 .text          0x08000380       0x10 C:/ST/STM32CubeIDE_2.1.1/STM32CubeIDE/plugins/com.st.stm32cube.ide.mcu.externaltools.gnu-tools-for-stm32.14.3.rel1.win32_1.0.100.202602081740/tools/bin/../lib/gcc/arm-none-eabi/14.3.1/../../../../arm-none-eabi/lib/thumb/v7e-m+dp/hard\libc_nano.a(libc_a-strlen.o)
                0x08000380                strlen
 .text          0x08000390      0x378 C:/ST/STM32CubeIDE_2.1.1/STM32CubeIDE/plugins/com.st.stm32cube.ide.mcu.externaltools.gnu-tools-for-stm32.14.3.rel1.win32_1.0.100.202602081740/tools/bin/../lib/gcc/arm-none-eabi/14.3.1/thumb/v7e-m+dp/hard\libgcc.a(_arm_addsubdf3.o)
                0x08000390                __aeabi_drsub
                0x08000398                __aeabi_dsub
                0x08000398                __subdf3
                0x0800039c                __aeabi_dadd
                0x0800039c                __adddf3
                0x08000614                __floatunsidf
                0x08000614                __aeabi_ui2d
                0x08000634                __floatsidf
                0x08000634                __aeabi_i2d
                0x08000658                __aeabi_f2d
                0x08000658                __extendsfdf2
                0x0800069c                __floatundidf
                0x0800069c                __aeabi_ul2d
                0x080006ac                __floatdidf
                0x080006ac                __aeabi_l2d
 .text          0x08000708       0x30 C:/ST/STM32CubeIDE_2.1.1/STM32CubeIDE/plugins/com.st.stm32cube.ide.mcu.externaltools.gnu-tools-for-stm32.14.3.rel1.win32_1.0.100.202602081740/tools/bin/../lib/gcc/arm-none-eabi/14.3.1/thumb/v7e-m+dp/hard\libgcc.a(_aeabi_uldivmod.o)
                0x08000708                __aeabi_uldivmod
 .text          0x08000738       0x30 C:/ST/STM32CubeIDE_2.1.1/STM32CubeIDE/plugins/com.st.stm32cube.ide.mcu.externaltools.gnu-tools-for-stm32.14.3.rel1.win32_1.0.100.202602081740/tools/bin/../lib/gcc/arm-none-eabi/14.3.1/thumb/v7e-m+dp/hard\libgcc.a(_fixdfdi.o)
                0x08000738                __fixdfdi
                0x08000738                __aeabi_d2lz
 .text          0x08000768       0x40 C:/ST/STM32CubeIDE_2.1.1/STM32CubeIDE/plugins/com.st.stm32cube.ide.mcu.externaltools.gnu-tools-for-stm32.14.3.rel1.win32_1.0.100.202602081740/tools/bin/../lib/gcc/arm-none-eabi/14.3.1/thumb/v7e-m+dp/hard\libgcc.a(_fixunsdfdi.o)
                0x08000768                __fixunsdfdi
                0x08000768                __aeabi_d2ulz
 .text          0x080007a8      0x2f8 C:/ST/STM32CubeIDE_2.1.1/STM32CubeIDE/plugins/com.st.stm32cube.ide.mcu.externaltools.gnu-tools-for-stm32.14.3.rel1.win32_1.0.100.202602081740/tools/bin/../lib/gcc/arm-none-eabi/14.3.1/thumb/v7e-m+dp/hard\libgcc.a(_udivmoddi4.o)
                0x080007a8                __udivmoddi4
 .text          0x08000aa0        0x4 C:/ST/STM32CubeIDE_2.1.1/STM32CubeIDE/plugins/com.st.stm32cube.ide.mcu.externaltools.gnu-tools-for-stm32.14.3.rel1.win32_1.0.100.202602081740/tools/bin/../lib/gcc/arm-none-eabi/14.3.1/thumb/v7e-m+dp/hard\libgcc.a(_dvmd_tls.o)
                0x08000aa0                __aeabi_idiv0
                0x08000aa0                __aeabi_ldiv0
 *(.text*)
 .text.SystemInit
                0x08000aa4      0x15c ./Common/Src/system_stm32h7xx_dualcore_boot_cm4_cm7.o
                0x08000aa4                SystemInit
 .text.ExitRun0Mode
                0x08000c00       0x18 ./Common/Src/system_stm32h7xx_dualcore_boot_cm4_cm7.o
                0x08000c00                ExitRun0Mode
 .text.MX_GPIO_Init
                0x08000c18       0x88 ./Core/Src/gpio.o
                0x08000c18                MX_GPIO_Init
 .text.main     0x08000ca0      0x2b4 ./Core/Src/main.o
                0x08000ca0                main
 .text.SystemClock_Config
                0x08000f54       0xfc ./Core/Src/main.o
                0x08000f54                SystemClock_Config
 .text.__io_putchar
                0x08001050       0x24 ./Core/Src/main.o
                0x08001050                __io_putchar
 .text.__io_getchar
                0x08001074       0x34 ./Core/Src/main.o
                0x08001074                __io_getchar
 .text.MPU_Config
                0x080010a8       0x58 ./Core/Src/main.o
 .text.Error_Handler
                0x08001100        0xc ./Core/Src/main.o
                0x08001100                Error_Handler
 .text.HAL_MspInit
                0x0800110c       0x34 ./Core/Src/stm32h7xx_hal_msp.o
                0x0800110c                HAL_MspInit
 .text.NMI_Handler
                0x08001140        0x8 ./Core/Src/stm32h7xx_it.o
                0x08001140                NMI_Handler
 .text.HardFault_Handler
                0x08001148        0x8 ./Core/Src/stm32h7xx_it.o
                0x08001148                HardFault_Handler
 .text.MemManage_Handler
                0x08001150        0x8 ./Core/Src/stm32h7xx_it.o
                0x08001150                MemManage_Handler
 .text.BusFault_Handler
                0x08001158        0x8 ./Core/Src/stm32h7xx_it.o
                0x08001158                BusFault_Handler
 .text.UsageFault_Handler
                0x08001160        0x8 ./Core/Src/stm32h7xx_it.o
                0x08001160                UsageFault_Handler
 .text.SVC_Handler
                0x08001168        0xe ./Core/Src/stm32h7xx_it.o
                0x08001168                SVC_Handler
 .text.DebugMon_Handler
                0x08001176        0xe ./Core/Src/stm32h7xx_it.o
                0x08001176                DebugMon_Handler
 .text.PendSV_Handler
                0x08001184        0xe ./Core/Src/stm32h7xx_it.o
                0x08001184                PendSV_Handler
 .text.SysTick_Handler
                0x08001192        0xc ./Core/Src/stm32h7xx_it.o
                0x08001192                SysTick_Handler
 .text._getpid  0x0800119e       0x10 ./Core/Src/syscalls.o
                0x0800119e                _getpid
 .text._kill    0x080011ae       0x20 ./Core/Src/syscalls.o
                0x080011ae                _kill
 .text._exit    0x080011ce       0x16 ./Core/Src/syscalls.o
                0x080011ce                _exit
 .text._read    0x080011e4       0x3a ./Core/Src/syscalls.o
                0x080011e4                _read
 .text._write   0x0800121e       0x38 ./Core/Src/syscalls.o
                0x0800121e                _write
 .text._close   0x08001256       0x18 ./Core/Src/syscalls.o
                0x08001256                _close
 .text._fstat   0x0800126e       0x20 ./Core/Src/syscalls.o
                0x0800126e                _fstat
 .text._isatty  0x0800128e       0x16 ./Core/Src/syscalls.o
                0x0800128e                _isatty
 .text._lseek   0x080012a4       0x1a ./Core/Src/syscalls.o
                0x080012a4                _lseek
 *fill*         0x080012be        0x2 
 .text._sbrk    0x080012c0       0x6c ./Core/Src/sysmem.o
                0x080012c0                _sbrk
 .text.MX_USART3_UART_Init
                0x0800132c       0x98 ./Core/Src/usart.o
                0x0800132c                MX_USART3_UART_Init
 .text.HAL_UART_MspInit
                0x080013c4       0xd4 ./Core/Src/usart.o
                0x080013c4                HAL_UART_MspInit
 .text.Reset_Handler
                0x08001498       0x54 ./Core/Startup/startup_stm32h745zitx.o
                0x08001498                Reset_Handler
 .text.Default_Handler
                0x080014ec        0x2 ./Core/Startup/startup_stm32h745zitx.o
                0x080014ec                RTC_Alarm_IRQHandler
                0x080014ec                EXTI2_IRQHandler
                0x080014ec                TIM8_CC_IRQHandler
                0x080014ec                HRTIM1_Master_IRQHandler
                0x080014ec                UART8_IRQHandler
                0x080014ec                SPI4_IRQHandler
                0x080014ec                TIM1_CC_IRQHandler
                0x080014ec                BDMA_Channel6_IRQHandler
                0x080014ec                DMA2_Stream5_IRQHandler
                0x080014ec                HRTIM1_FLT_IRQHandler
                0x080014ec                JPEG_IRQHandler
                0x080014ec                DMA1_Stream5_IRQHandler
                0x080014ec                BDMA_Channel1_IRQHandler
                0x080014ec                HRTIM1_TIMD_IRQHandler
                0x080014ec                TAMP_STAMP_IRQHandler
                0x080014ec                EXTI3_IRQHandler
                0x080014ec                LPTIM4_IRQHandler
                0x080014ec                TIM8_TRG_COM_TIM14_IRQHandler
                0x080014ec                LPTIM2_IRQHandler
                0x080014ec                DFSDM1_FLT1_IRQHandler
                0x080014ec                DMAMUX2_OVR_IRQHandler
                0x080014ec                TIM8_UP_TIM13_IRQHandler
                0x080014ec                I2C3_ER_IRQHandler
                0x080014ec                DFSDM1_FLT2_IRQHandler
                0x080014ec                MDMA_IRQHandler
                0x080014ec                LPTIM3_IRQHandler
                0x080014ec                HSEM1_IRQHandler
                0x080014ec                EXTI0_IRQHandler
                0x080014ec                I2C2_EV_IRQHandler
                0x080014ec                DMA1_Stream2_IRQHandler
                0x080014ec                FPU_IRQHandler
                0x080014ec                OTG_HS_WKUP_IRQHandler
                0x080014ec                FDCAN1_IT1_IRQHandler
                0x080014ec                LTDC_ER_IRQHandler
                0x080014ec                DMA2_Stream2_IRQHandler
                0x080014ec                HRTIM1_TIME_IRQHandler
                0x080014ec                SPI1_IRQHandler
                0x080014ec                TIM6_DAC_IRQHandler
                0x080014ec                DCMI_IRQHandler
                0x080014ec                HRTIM1_TIMC_IRQHandler
                0x080014ec                DMA2_Stream3_IRQHandler
                0x080014ec                SAI2_IRQHandler
                0x080014ec                DFSDM1_FLT3_IRQHandler
                0x080014ec                USART6_IRQHandler
                0x080014ec                TIM17_IRQHandler
                0x080014ec                USART3_IRQHandler
                0x080014ec                BDMA_Channel7_IRQHandler
                0x080014ec                LPTIM5_IRQHandler
                0x080014ec                UART5_IRQHandler
                0x080014ec                ADC3_IRQHandler
                0x080014ec                DMA2_Stream0_IRQHandler
                0x080014ec                TIM4_IRQHandler
                0x080014ec                BDMA_Channel2_IRQHandler
                0x080014ec                QUADSPI_IRQHandler
                0x080014ec                I2C1_EV_IRQHandler
                0x080014ec                DMA1_Stream6_IRQHandler
                0x080014ec                DMAMUX1_OVR_IRQHandler
                0x080014ec                DMA1_Stream1_IRQHandler
                0x080014ec                TIM16_IRQHandler
                0x080014ec                UART4_IRQHandler
                0x080014ec                BDMA_Channel5_IRQHandler
                0x080014ec                TIM3_IRQHandler
                0x080014ec                RCC_IRQHandler
                0x080014ec                TIM8_BRK_TIM12_IRQHandler
                0x080014ec                TIM1_TRG_COM_IRQHandler
                0x080014ec                Default_Handler
                0x080014ec                ECC_IRQHandler
                0x080014ec                CEC_IRQHandler
                0x080014ec                EXTI15_10_IRQHandler
                0x080014ec                BDMA_Channel0_IRQHandler
                0x080014ec                ADC_IRQHandler
                0x080014ec                DMA1_Stream7_IRQHandler
                0x080014ec                HRTIM1_TIMA_IRQHandler
                0x080014ec                SPI5_IRQHandler
                0x080014ec                TIM7_IRQHandler
                0x080014ec                SDMMC1_IRQHandler
                0x080014ec                TIM5_IRQHandler
                0x080014ec                DMA2_Stream7_IRQHandler
                0x080014ec                TIM15_IRQHandler
                0x080014ec                PVD_AVD_IRQHandler
                0x080014ec                I2C3_EV_IRQHandler
                0x080014ec                EXTI9_5_IRQHandler
                0x080014ec                RTC_WKUP_IRQHandler
                0x080014ec                LTDC_IRQHandler
                0x080014ec                SAI3_IRQHandler
                0x080014ec                ETH_WKUP_IRQHandler
                0x080014ec                SPDIF_RX_IRQHandler
                0x080014ec                SPI2_IRQHandler
                0x080014ec                OTG_HS_EP1_IN_IRQHandler
                0x080014ec                DMA1_Stream0_IRQHandler
                0x080014ec                CRS_IRQHandler
                0x080014ec                CM7_SEV_IRQHandler
                0x080014ec                EXTI4_IRQHandler
                0x080014ec                RNG_IRQHandler
                0x080014ec                CM4_SEV_IRQHandler
                0x080014ec                HRTIM1_TIMB_IRQHandler
                0x080014ec                FDCAN2_IT1_IRQHandler
                0x080014ec                ETH_IRQHandler
                0x080014ec                TIM1_UP_IRQHandler
                0x080014ec                WWDG_RST_IRQHandler
                0x080014ec                BDMA_Channel4_IRQHandler
                0x080014ec                OTG_HS_EP1_OUT_IRQHandler
                0x080014ec                WWDG_IRQHandler
                0x080014ec                SPI6_IRQHandler
                0x080014ec                MDIOS_IRQHandler
                0x080014ec                I2C4_EV_IRQHandler
                0x080014ec                FDCAN2_IT0_IRQHandler
                0x080014ec                LPUART1_IRQHandler
                0x080014ec                FDCAN1_IT0_IRQHandler
                0x080014ec                TIM2_IRQHandler
                0x080014ec                OTG_FS_WKUP_IRQHandler
                0x080014ec                OTG_HS_IRQHandler
                0x080014ec                HSEM2_IRQHandler
                0x080014ec                DMA2D_IRQHandler
                0x080014ec                TIM1_BRK_IRQHandler
                0x080014ec                EXTI1_IRQHandler
                0x080014ec                SDMMC2_IRQHandler
                0x080014ec                OTG_FS_EP1_OUT_IRQHandler
                0x080014ec                BDMA_Channel3_IRQHandler
                0x080014ec                HOLD_CORE_IRQHandler
                0x080014ec                UART7_IRQHandler
                0x080014ec                MDIOS_WKUP_IRQHandler
                0x080014ec                USART2_IRQHandler
                0x080014ec                DFSDM1_FLT0_IRQHandler
                0x080014ec                SAI4_IRQHandler
                0x080014ec                I2C2_ER_IRQHandler
                0x080014ec                DMA2_Stream1_IRQHandler
                0x080014ec                FLASH_IRQHandler
                0x080014ec                DMA2_Stream4_IRQHandler
                0x080014ec                USART1_IRQHandler
                0x080014ec                OTG_FS_IRQHandler
                0x080014ec                SPI3_IRQHandler
                0x080014ec                WAKEUP_PIN_IRQHandler
                0x080014ec                DMA1_Stream4_IRQHandler
                0x080014ec                OTG_FS_EP1_IN_IRQHandler
                0x080014ec                I2C1_ER_IRQHandler
                0x080014ec                FMC_IRQHandler
                0x080014ec                FDCAN_CAL_IRQHandler
                0x080014ec                SWPMI1_IRQHandler
                0x080014ec                COMP1_IRQHandler
                0x080014ec                LPTIM1_IRQHandler
                0x080014ec                I2C4_ER_IRQHandler
                0x080014ec                DMA2_Stream6_IRQHandler
                0x080014ec                SAI1_IRQHandler
                0x080014ec                DMA1_Stream3_IRQHandler
 *fill*         0x080014ee        0x2 
 .text.HAL_Init
                0x080014f0       0x78 ./Drivers/STM32H7xx_HAL_Driver/stm32h7xx_hal.o
                0x080014f0                HAL_Init
 .text.HAL_InitTick
                0x08001568       0x6c ./Drivers/STM32H7xx_HAL_Driver/stm32h7xx_hal.o
                0x08001568                HAL_InitTick
 .text.HAL_IncTick
                0x080015d4       0x28 ./Drivers/STM32H7xx_HAL_Driver/stm32h7xx_hal.o
                0x080015d4                HAL_IncTick
 .text.HAL_GetTick
                0x080015fc       0x18 ./Drivers/STM32H7xx_HAL_Driver/stm32h7xx_hal.o
                0x080015fc                HAL_GetTick
 .text.HAL_GetREVID
                0x08001614       0x18 ./Drivers/STM32H7xx_HAL_Driver/stm32h7xx_hal.o
                0x08001614                HAL_GetREVID
 .text.__NVIC_SetPriorityGrouping
                0x0800162c       0x48 ./Drivers/STM32H7xx_HAL_Driver/stm32h7xx_hal_cortex.o
 .text.__NVIC_GetPriorityGrouping
                0x08001674       0x1c ./Drivers/STM32H7xx_HAL_Driver/stm32h7xx_hal_cortex.o
 .text.__NVIC_SetPriority
                0x08001690       0x54 ./Drivers/STM32H7xx_HAL_Driver/stm32h7xx_hal_cortex.o
 .text.NVIC_EncodePriority
                0x080016e4       0x66 ./Drivers/STM32H7xx_HAL_Driver/stm32h7xx_hal_cortex.o
 *fill*         0x0800174a        0x2 
 .text.SysTick_Config
                0x0800174c       0x44 ./Drivers/STM32H7xx_HAL_Driver/stm32h7xx_hal_cortex.o
 .text.HAL_NVIC_SetPriorityGrouping
                0x08001790       0x16 ./Drivers/STM32H7xx_HAL_Driver/stm32h7xx_hal_cortex.o
                0x08001790                HAL_NVIC_SetPriorityGrouping
 .text.HAL_NVIC_SetPriority
                0x080017a6       0x34 ./Drivers/STM32H7xx_HAL_Driver/stm32h7xx_hal_cortex.o
                0x080017a6                HAL_NVIC_SetPriority
 .text.HAL_SYSTICK_Config
                0x080017da       0x18 ./Drivers/STM32H7xx_HAL_Driver/stm32h7xx_hal_cortex.o
                0x080017da                HAL_SYSTICK_Config
 *fill*         0x080017f2        0x2 
 .text.HAL_MPU_Disable
                0x080017f4       0x30 ./Drivers/STM32H7xx_HAL_Driver/stm32h7xx_hal_cortex.o
                0x080017f4                HAL_MPU_Disable
 .text.HAL_MPU_Enable
                0x08001824       0x40 ./Drivers/STM32H7xx_HAL_Driver/stm32h7xx_hal_cortex.o
                0x08001824                HAL_MPU_Enable
 .text.HAL_MPU_ConfigRegion
                0x08001864       0x80 ./Drivers/STM32H7xx_HAL_Driver/stm32h7xx_hal_cortex.o
                0x08001864                HAL_MPU_ConfigRegion
 .text.HAL_GPIO_Init
                0x080018e4      0x374 ./Drivers/STM32H7xx_HAL_Driver/stm32h7xx_hal_gpio.o
                0x080018e4                HAL_GPIO_Init
 .text.HAL_GPIO_WritePin
                0x08001c58       0x32 ./Drivers/STM32H7xx_HAL_Driver/stm32h7xx_hal_gpio.o
                0x08001c58                HAL_GPIO_WritePin
 *fill*         0x08001c8a        0x2 
 .text.HAL_PWREx_ConfigSupply
                0x08001c8c       0xb4 ./Drivers/STM32H7xx_HAL_Driver/stm32h7xx_hal_pwr_ex.o
                0x08001c8c                HAL_PWREx_ConfigSupply
 .text.HAL_RCC_OscConfig
                0x08001d40      0x8b4 ./Drivers/STM32H7xx_HAL_Driver/stm32h7xx_hal_rcc.o
                0x08001d40                HAL_RCC_OscConfig
 .text.HAL_RCC_ClockConfig
                0x080025f4      0x36c ./Drivers/STM32H7xx_HAL_Driver/stm32h7xx_hal_rcc.o
                0x080025f4                HAL_RCC_ClockConfig
 .text.HAL_RCC_GetSysClockFreq
                0x08002960      0x2f4 ./Drivers/STM32H7xx_HAL_Driver/stm32h7xx_hal_rcc.o
                0x08002960                HAL_RCC_GetSysClockFreq
 .text.HAL_RCC_GetHCLKFreq
                0x08002c54       0x60 ./Drivers/STM32H7xx_HAL_Driver/stm32h7xx_hal_rcc.o
                0x08002c54                HAL_RCC_GetHCLKFreq
 .text.HAL_RCC_GetPCLK1Freq
                0x08002cb4       0x2c ./Drivers/STM32H7xx_HAL_Driver/stm32h7xx_hal_rcc.o
                0x08002cb4                HAL_RCC_GetPCLK1Freq
 .text.HAL_RCC_GetPCLK2Freq
                0x08002ce0       0x2c ./Drivers/STM32H7xx_HAL_Driver/stm32h7xx_hal_rcc.o
                0x08002ce0                HAL_RCC_GetPCLK2Freq
 .text.HAL_RCCEx_PeriphCLKConfig
                0x08002d0c     0x1414 ./Drivers/STM32H7xx_HAL_Driver/stm32h7xx_hal_rcc_ex.o
                0x08002d0c                HAL_RCCEx_PeriphCLKConfig
 .text.HAL_RCCEx_GetD3PCLK1Freq
                0x08004120       0x2c ./Drivers/STM32H7xx_HAL_Driver/stm32h7xx_hal_rcc_ex.o
                0x08004120                HAL_RCCEx_GetD3PCLK1Freq
 .text.HAL_RCCEx_GetPLL2ClockFreq
                0x0800414c      0x2a8 ./Drivers/STM32H7xx_HAL_Driver/stm32h7xx_hal_rcc_ex.o
                0x0800414c                HAL_RCCEx_GetPLL2ClockFreq
 .text.HAL_RCCEx_GetPLL3ClockFreq
                0x080043f4      0x2a8 ./Drivers/STM32H7xx_HAL_Driver/stm32h7xx_hal_rcc_ex.o
                0x080043f4                HAL_RCCEx_GetPLL3ClockFreq
 .text.RCCEx_PLL2_Config
                0x0800469c      0x164 ./Drivers/STM32H7xx_HAL_Driver/stm32h7xx_hal_rcc_ex.o
 .text.RCCEx_PLL3_Config
                0x08004800      0x164 ./Drivers/STM32H7xx_HAL_Driver/stm32h7xx_hal_rcc_ex.o
 .text.HAL_UART_Init
                0x08004964       0xa0 ./Drivers/STM32H7xx_HAL_Driver/stm32h7xx_hal_uart.o
                0x08004964                HAL_UART_Init
 .text.HAL_UART_Transmit
                0x08004a04      0x132 ./Drivers/STM32H7xx_HAL_Driver/stm32h7xx_hal_uart.o
                0x08004a04                HAL_UART_Transmit
 .text.HAL_UART_Receive
                0x08004b36      0x1a0 ./Drivers/STM32H7xx_HAL_Driver/stm32h7xx_hal_uart.o
                0x08004b36                HAL_UART_Receive
 *fill*         0x08004cd6        0x2 
 .text.UART_SetConfig
                0x08004cd8      0xad0 ./Drivers/STM32H7xx_HAL_Driver/stm32h7xx_hal_uart.o
                0x08004cd8                UART_SetConfig
 .text.UART_AdvFeatureConfig
                0x080057a8      0x144 ./Drivers/STM32H7xx_HAL_Driver/stm32h7xx_hal_uart.o
                0x080057a8                UART_AdvFeatureConfig
 .text.UART_CheckIdleState
                0x080058ec      0x154 ./Drivers/STM32H7xx_HAL_Driver/stm32h7xx_hal_uart.o
                0x080058ec                UART_CheckIdleState
 .text.UART_WaitOnFlagUntilTimeout
                0x08005a40       0xda ./Drivers/STM32H7xx_HAL_Driver/stm32h7xx_hal_uart.o
                0x08005a40                UART_WaitOnFlagUntilTimeout
 *fill*         0x08005b1a        0x2 
 .text.UART_EndRxTransfer
                0x08005b1c       0xcc ./Drivers/STM32H7xx_HAL_Driver/stm32h7xx_hal_uart.o
 .text.HAL_UARTEx_DisableFifoMode
                0x08005be8       0x72 ./Drivers/STM32H7xx_HAL_Driver/stm32h7xx_hal_uart_ex.o
                0x08005be8                HAL_UARTEx_DisableFifoMode
 .text.HAL_UARTEx_SetTxFifoThreshold
                0x08005c5a       0x7c ./Drivers/STM32H7xx_HAL_Driver/stm32h7xx_hal_uart_ex.o
                0x08005c5a                HAL_UARTEx_SetTxFifoThreshold
 .text.HAL_UARTEx_SetRxFifoThreshold
                0x08005cd6       0x7c ./Drivers/STM32H7xx_HAL_Driver/stm32h7xx_hal_uart_ex.o
                0x08005cd6                HAL_UARTEx_SetRxFifoThreshold
 *fill*         0x08005d52        0x2 
 .text.UARTEx_SetNbDataToProcess
                0x08005d54       0x9c ./Drivers/STM32H7xx_HAL_Driver/stm32h7xx_hal_uart_ex.o
 .text.sin_configure_activations
                0x08005df0       0xc0 ./X-CUBE-AI/App/sin.o
 .text.sin_configure_weights
                0x08005eb0      0x11c ./X-CUBE-AI/App/sin.o
 .text.ai_sin_create
                0x08005fcc       0x2c ./X-CUBE-AI/App/sin.o
                0x08005fcc                ai_sin_create
 .text.ai_sin_inputs_get
                0x08005ff8       0x34 ./X-CUBE-AI/App/sin.o
                0x08005ff8                ai_sin_inputs_get
 .text.ai_sin_outputs_get
                0x0800602c       0x34 ./X-CUBE-AI/App/sin.o
                0x0800602c                ai_sin_outputs_get
 .text.ai_sin_init
                0x08006060       0x78 ./X-CUBE-AI/App/sin.o
                0x08006060                ai_sin_init
 .text.ai_sin_run
                0x080060d8       0x20 ./X-CUBE-AI/App/sin.o
                0x080060d8                ai_sin_run
 .text.ai_sin_data_activations_buffer_get
                0x080060f8       0x68 ./X-CUBE-AI/App/sin_data.o
                0x080060f8                ai_sin_data_activations_buffer_get
 .text.ai_sin_data_weights_buffer_get
                0x08006160       0x68 ./X-CUBE-AI/App/sin_data.o
                0x08006160                ai_sin_data_weights_buffer_get
 .text.ai_sin_data_weights_get
                0x080061c8       0x14 ./X-CUBE-AI/App/sin_data.o
                0x080061c8                ai_sin_data_weights_get
 .text.ai_buffer_get_size
                0x080061dc       0x60 ../../Middlewares/ST/AI/Lib\NetworkRuntime1020_CM7_GCC.a(ai_platform.o)
                0x080061dc                ai_buffer_get_size
 .text.ai_buffer_array_sane
                0x0800623c       0x14 ../../Middlewares/ST/AI/Lib\NetworkRuntime1020_CM7_GCC.a(ai_platform.o)
                0x0800623c                ai_buffer_array_sane
 .text.ai_platform_get_weights_map
                0x08006250       0xb0 ../../Middlewares/ST/AI/Lib\NetworkRuntime1020_CM7_GCC.a(ai_platform_interface.o)
                0x08006250                ai_platform_get_weights_map
 .text.ai_platform_get_activations_map
                0x08006300       0xb4 ../../Middlewares/ST/AI/Lib\NetworkRuntime1020_CM7_GCC.a(ai_platform_interface.o)
                0x08006300                ai_platform_get_activations_map
 .text.ai_platform_network_set_error
                0x080063b4        0xc ../../Middlewares/ST/AI/Lib\NetworkRuntime1020_CM7_GCC.a(ai_platform_interface.o)
                0x080063b4                ai_platform_network_set_error
 .text.ai_platform_inputs_get
                0x080063c0       0xf4 ../../Middlewares/ST/AI/Lib\NetworkRuntime1020_CM7_GCC.a(ai_platform_interface.o)
                0x080063c0                ai_platform_inputs_get
 .text.ai_platform_outputs_get
                0x080064b4       0xec ../../Middlewares/ST/AI/Lib\NetworkRuntime1020_CM7_GCC.a(ai_platform_interface.o)
                0x080064b4                ai_platform_outputs_get
 .text.ai_platform_network_create
                0x080065a0       0x84 ../../Middlewares/ST/AI/Lib\NetworkRuntime1020_CM7_GCC.a(ai_platform_interface.o)
                0x080065a0                ai_platform_network_create
 .text.ai_platform_network_init
                0x08006624      0x144 ../../Middlewares/ST/AI/Lib\NetworkRuntime1020_CM7_GCC.a(ai_platform_interface.o)
                0x08006624                ai_platform_network_init
 .text.ai_platform_network_post_init
                0x08006768       0x58 ../../Middlewares/ST/AI/Lib\NetworkRuntime1020_CM7_GCC.a(ai_platform_interface.o)
                0x08006768                ai_platform_network_post_init
 .text.ai_platform_network_process
                0x080067c0      0x44c ../../Middlewares/ST/AI/Lib\NetworkRuntime1020_CM7_GCC.a(ai_platform_interface.o)
                0x080067c0                ai_platform_network_process
 .text.core_init
                0x08006c0c        0x4 ../../Middlewares/ST/AI/Lib\NetworkRuntime1020_CM7_GCC.a(core_common.o)
                0x08006c0c                core_init
 .text.core_set_error
                0x08006c10       0x18 ../../Middlewares/ST/AI/Lib\NetworkRuntime1020_CM7_GCC.a(core_common.o)
                0x08006c10                core_set_error
 .text.ai_check_custom_types
                0x08006c28       0x50 ../../Middlewares/ST/AI/Lib\NetworkRuntime1020_CM7_GCC.a(layers.o)
                0x08006c28                ai_check_custom_types
 .text.ai_layers_init_all
                0x08006c78       0x20 ../../Middlewares/ST/AI/Lib\NetworkRuntime1020_CM7_GCC.a(layers.o)
                0x08006c78                ai_layers_init_all
 .text.ai_layers_post_init_all
                0x08006c98       0x30 ../../Middlewares/ST/AI/Lib\NetworkRuntime1020_CM7_GCC.a(layers.o)
                0x08006c98                ai_layers_post_init_all
 .text.ai_layers_forward_all
                0x08006cc8       0x90 ../../Middlewares/ST/AI/Lib\NetworkRuntime1020_CM7_GCC.a(layers.o)
                0x08006cc8                ai_layers_forward_all
 .text.forward_dense
                0x08006d58      0x100 ../../Middlewares/ST/AI/Lib\NetworkRuntime1020_CM7_GCC.a(layers_conv2d_generic_float.o)
                0x08006d58                forward_dense
 .text.forward_tanh
                0x08006e58       0x7c ../../Middlewares/ST/AI/Lib\NetworkRuntime1020_CM7_GCC.a(layers_nl_generic_float.o)
                0x08006e58                forward_tanh
 .text.forward_lite_dense_if32of32wf32
                0x08006ed4      0x2b4 ../../Middlewares/ST/AI/Lib\NetworkRuntime1020_CM7_GCC.a(lite_dense_if32.o)
                0x08006ed4                forward_lite_dense_if32of32wf32
 .text.forward_lite_dense_if32of32wf32_lut4
                0x08007188      0x290 ../../Middlewares/ST/AI/Lib\NetworkRuntime1020_CM7_GCC.a(lite_dense_if32.o)
                0x08007188                forward_lite_dense_if32of32wf32_lut4
 .text.forward_lite_dense_if32of32wf32_lut8
                0x08007418      0x594 ../../Middlewares/ST/AI/Lib\NetworkRuntime1020_CM7_GCC.a(lite_dense_if32.o)
                0x08007418                forward_lite_dense_if32of32wf32_lut8
 .text.st_int8_copy
                0x080079ac      0x150 ../../Middlewares/ST/AI/Lib\NetworkRuntime1020_CM7_GCC.a(st_int8_fill.o)
                0x080079ac                st_int8_copy
 .text.ai_array_to_buffer_fmt
                0x08007afc       0xe0 ../../Middlewares/ST/AI/Lib\NetworkRuntime1020_CM7_GCC.a(ai_datatypes_format.o)
                0x08007afc                ai_array_to_buffer_fmt
 .text.ai_array_get_data_byte_size
                0x08007bdc       0x20 ../../Middlewares/ST/AI/Lib\NetworkRuntime1020_CM7_GCC.a(ai_datatypes_format.o)
                0x08007bdc                ai_array_get_data_byte_size
 .text.ai_version_get
                0x08007bfc        0xc ../../Middlewares/ST/AI/Lib\NetworkRuntime1020_CM7_GCC.a(ai_datatypes_internal.o)
                0x08007bfc                ai_version_get
 .text.get_tensor_byte_size
                0x08007c08       0x2c ../../Middlewares/ST/AI/Lib\NetworkRuntime1020_CM7_GCC.a(ai_datatypes_internal.o)
                0x08007c08                get_tensor_byte_size
 .text.atof     0x08007c34        0x6 C:/ST/STM32CubeIDE_2.1.1/STM32CubeIDE/plugins/com.st.stm32cube.ide.mcu.externaltools.gnu-tools-for-stm32.14.3.rel1.win32_1.0.100.202602081740/tools/bin/../lib/gcc/arm-none-eabi/14.3.1/../../../../arm-none-eabi/lib/thumb/v7e-m+dp/hard\libc_nano.a(libc_a-atof.o)
                0x08007c34                atof
 *fill*         0x08007c3a        0x2 
 .text.malloc   0x08007c3c       0x10 C:/ST/STM32CubeIDE_2.1.1/STM32CubeIDE/plugins/com.st.stm32cube.ide.mcu.externaltools.gnu-tools-for-stm32.14.3.rel1.win32_1.0.100.202602081740/tools/bin/../lib/gcc/arm-none-eabi/14.3.1/../../../../arm-none-eabi/lib/thumb/v7e-m+dp/hard\libc_nano.a(libc_a-malloc.o)
                0x08007c3c                malloc
 .text.sbrk_aligned
                0x08007c4c       0x44 C:/ST/STM32CubeIDE_2.1.1/STM32CubeIDE/plugins/com.st.stm32cube.ide.mcu.externaltools.gnu-tools-for-stm32.14.3.rel1.win32_1.0.100.202602081740/tools/bin/../lib/gcc/arm-none-eabi/14.3.1/../../../../arm-none-eabi/lib/thumb/v7e-m+dp/hard\libc_nano.a(libc_a-mallocr.o)
 .text._malloc_r
                0x08007c90      0x100 C:/ST/STM32CubeIDE_2.1.1/STM32CubeIDE/plugins/com.st.stm32cube.ide.mcu.externaltools.gnu-tools-for-stm32.14.3.rel1.win32_1.0.100.202602081740/tools/bin/../lib/gcc/arm-none-eabi/14.3.1/../../../../arm-none-eabi/lib/thumb/v7e-m+dp/hard\libc_nano.a(libc_a-mallocr.o)
                0x08007c90                _malloc_r
 .text.__malloc_lock
                0x08007d90        0xc C:/ST/STM32CubeIDE_2.1.1/STM32CubeIDE/plugins/com.st.stm32cube.ide.mcu.externaltools.gnu-tools-for-stm32.14.3.rel1.win32_1.0.100.202602081740/tools/bin/../lib/gcc/arm-none-eabi/14.3.1/../../../../arm-none-eabi/lib/thumb/v7e-m+dp/hard\libc_nano.a(libc_a-mlock.o)
                0x08007d90                __malloc_lock
 .text.__malloc_unlock
                0x08007d9c        0xc C:/ST/STM32CubeIDE_2.1.1/STM32CubeIDE/plugins/com.st.stm32cube.ide.mcu.externaltools.gnu-tools-for-stm32.14.3.rel1.win32_1.0.100.202602081740/tools/bin/../lib/gcc/arm-none-eabi/14.3.1/../../../../arm-none-eabi/lib/thumb/v7e-m+dp/hard\libc_nano.a(libc_a-mlock.o)
                0x08007d9c                __malloc_unlock
 .text._realloc_r
                0x08007da8       0x5c C:/ST/STM32CubeIDE_2.1.1/STM32CubeIDE/plugins/com.st.stm32cube.ide.mcu.externaltools.gnu-tools-for-stm32.14.3.rel1.win32_1.0.100.202602081740/tools/bin/../lib/gcc/arm-none-eabi/14.3.1/../../../../arm-none-eabi/lib/thumb/v7e-m+dp/hard\libc_nano.a(libc_a-reallocr.o)
                0x08007da8                _realloc_r
 .text.sulp     0x08007e04       0x34 C:/ST/STM32CubeIDE_2.1.1/STM32CubeIDE/plugins/com.st.stm32cube.ide.mcu.externaltools.gnu-tools-for-stm32.14.3.rel1.win32_1.0.100.202602081740/tools/bin/../lib/gcc/arm-none-eabi/14.3.1/../../../../arm-none-eabi/lib/thumb/v7e-m+dp/hard\libc_nano.a(libc_a-strtod.o)
 .text._strtod_l
                0x08007e38      0xb3c C:/ST/STM32CubeIDE_2.1.1/STM32CubeIDE/plugins/com.st.stm32cube.ide.mcu.externaltools.gnu-tools-for-stm32.14.3.rel1.win32_1.0.100.202602081740/tools/bin/../lib/gcc/arm-none-eabi/14.3.1/../../../../arm-none-eabi/lib/thumb/v7e-m+dp/hard\libc_nano.a(libc_a-strtod.o)
                0x08007e38                _strtod_l
 .text._strtod_r
                0x08008974        0xc C:/ST/STM32CubeIDE_2.1.1/STM32CubeIDE/plugins/com.st.stm32cube.ide.mcu.externaltools.gnu-tools-for-stm32.14.3.rel1.win32_1.0.100.202602081740/tools/bin/../lib/gcc/arm-none-eabi/14.3.1/../../../../arm-none-eabi/lib/thumb/v7e-m+dp/hard\libc_nano.a(libc_a-strtod.o)
                0x08008974                _strtod_r
 .text.strtod   0x08008980       0x18 C:/ST/STM32CubeIDE_2.1.1/STM32CubeIDE/plugins/com.st.stm32cube.ide.mcu.externaltools.gnu-tools-for-stm32.14.3.rel1.win32_1.0.100.202602081740/tools/bin/../lib/gcc/arm-none-eabi/14.3.1/../../../../arm-none-eabi/lib/thumb/v7e-m+dp/hard\libc_nano.a(libc_a-strtod.o)
                0x08008980                strtod
 .text.__cvt    0x08008998       0xa8 C:/ST/STM32CubeIDE_2.1.1/STM32CubeIDE/plugins/com.st.stm32cube.ide.mcu.externaltools.gnu-tools-for-stm32.14.3.rel1.win32_1.0.100.202602081740/tools/bin/../lib/gcc/arm-none-eabi/14.3.1/../../../../arm-none-eabi/lib/thumb/v7e-m+dp/hard\libc_nano.a(libc_a-nano-vfprintf_float.o)
                0x08008998                __cvt
 .text.__exponent
                0x08008a40       0x74 C:/ST/STM32CubeIDE_2.1.1/STM32CubeIDE/plugins/com.st.stm32cube.ide.mcu.externaltools.gnu-tools-for-stm32.14.3.rel1.win32_1.0.100.202602081740/tools/bin/../lib/gcc/arm-none-eabi/14.3.1/../../../../arm-none-eabi/lib/thumb/v7e-m+dp/hard\libc_nano.a(libc_a-nano-vfprintf_float.o)
                0x08008a40                __exponent
 *fill*         0x08008ab4        0x4 
 .text._printf_float
                0x08008ab8      0x434 C:/ST/STM32CubeIDE_2.1.1/STM32CubeIDE/plugins/com.st.stm32cube.ide.mcu.externaltools.gnu-tools-for-stm32.14.3.rel1.win32_1.0.100.202602081740/tools/bin/../lib/gcc/arm-none-eabi/14.3.1/../../../../arm-none-eabi/lib/thumb/v7e-m+dp/hard\libc_nano.a(libc_a-nano-vfprintf_float.o)
                0x08008ab8                _printf_float
 .text._printf_common
                0x08008eec       0xda C:/ST/STM32CubeIDE_2.1.1/STM32CubeIDE/plugins/com.st.stm32cube.ide.mcu.externaltools.gnu-tools-for-stm32.14.3.rel1.win32_1.0.100.202602081740/tools/bin/../lib/gcc/arm-none-eabi/14.3.1/../../../../arm-none-eabi/lib/thumb/v7e-m+dp/hard\libc_nano.a(libc_a-nano-vfprintf_i.o)
                0x08008eec                _printf_common
 *fill*         0x08008fc6        0x2 
 .text._printf_i
                0x08008fc8      0x24c C:/ST/STM32CubeIDE_2.1.1/STM32CubeIDE/plugins/com.st.stm32cube.ide.mcu.externaltools.gnu-tools-for-stm32.14.3.rel1.win32_1.0.100.202602081740/tools/bin/../lib/gcc/arm-none-eabi/14.3.1/../../../../arm-none-eabi/lib/thumb/v7e-m+dp/hard\libc_nano.a(libc_a-nano-vfprintf_i.o)
                0x08008fc8                _printf_i
 .text._scanf_float
                0x08009214      0x40c C:/ST/STM32CubeIDE_2.1.1/STM32CubeIDE/plugins/com.st.stm32cube.ide.mcu.externaltools.gnu-tools-for-stm32.14.3.rel1.win32_1.0.100.202602081740/tools/bin/../lib/gcc/arm-none-eabi/14.3.1/../../../../arm-none-eabi/lib/thumb/v7e-m+dp/hard\libc_nano.a(libc_a-nano-vfscanf_float.o)
                0x08009214                _scanf_float
 .text.__sflush_r
                0x08009620      0x104 C:/ST/STM32CubeIDE_2.1.1/STM32CubeIDE/plugins/com.st.stm32cube.ide.mcu.externaltools.gnu-tools-for-stm32.14.3.rel1.win32_1.0.100.202602081740/tools/bin/../lib/gcc/arm-none-eabi/14.3.1/../../../../arm-none-eabi/lib/thumb/v7e-m+dp/hard\libc_nano.a(libc_a-fflush.o)
                0x08009620                __sflush_r
 .text._fflush_r
                0x08009724       0x50 C:/ST/STM32CubeIDE_2.1.1/STM32CubeIDE/plugins/com.st.stm32cube.ide.mcu.externaltools.gnu-tools-for-stm32.14.3.rel1.win32_1.0.100.202602081740/tools/bin/../lib/gcc/arm-none-eabi/14.3.1/../../../../arm-none-eabi/lib/thumb/v7e-m+dp/hard\libc_nano.a(libc_a-fflush.o)
                0x08009724                _fflush_r
 .text.fflush   0x08009774       0x28 C:/ST/STM32CubeIDE_2.1.1/STM32CubeIDE/plugins/com.st.stm32cube.ide.mcu.externaltools.gnu-tools-for-stm32.14.3.rel1.win32_1.0.100.202602081740/tools/bin/../lib/gcc/arm-none-eabi/14.3.1/../../../../arm-none-eabi/lib/thumb/v7e-m+dp/hard\libc_nano.a(libc_a-fflush.o)
                0x08009774                fflush
 .text.std      0x0800979c       0x6c C:/ST/STM32CubeIDE_2.1.1/STM32CubeIDE/plugins/com.st.stm32cube.ide.mcu.externaltools.gnu-tools-for-stm32.14.3.rel1.win32_1.0.100.202602081740/tools/bin/../lib/gcc/arm-none-eabi/14.3.1/../../../../arm-none-eabi/lib/thumb/v7e-m+dp/hard\libc_nano.a(libc_a-findfp.o)
 .text.stdio_exit_handler
                0x08009808       0x18 C:/ST/STM32CubeIDE_2.1.1/STM32CubeIDE/plugins/com.st.stm32cube.ide.mcu.externaltools.gnu-tools-for-stm32.14.3.rel1.win32_1.0.100.202602081740/tools/bin/../lib/gcc/arm-none-eabi/14.3.1/../../../../arm-none-eabi/lib/thumb/v7e-m+dp/hard\libc_nano.a(libc_a-findfp.o)
 .text.cleanup_stdio
                0x08009820       0x40 C:/ST/STM32CubeIDE_2.1.1/STM32CubeIDE/plugins/com.st.stm32cube.ide.mcu.externaltools.gnu-tools-for-stm32.14.3.rel1.win32_1.0.100.202602081740/tools/bin/../lib/gcc/arm-none-eabi/14.3.1/../../../../arm-none-eabi/lib/thumb/v7e-m+dp/hard\libc_nano.a(libc_a-findfp.o)
 .text.global_stdio_init.part.0
                0x08009860       0x40 C:/ST/STM32CubeIDE_2.1.1/STM32CubeIDE/plugins/com.st.stm32cube.ide.mcu.externaltools.gnu-tools-for-stm32.14.3.rel1.win32_1.0.100.202602081740/tools/bin/../lib/gcc/arm-none-eabi/14.3.1/../../../../arm-none-eabi/lib/thumb/v7e-m+dp/hard\libc_nano.a(libc_a-findfp.o)
 .text.__sfp_lock_acquire
                0x080098a0        0xc C:/ST/STM32CubeIDE_2.1.1/STM32CubeIDE/plugins/com.st.stm32cube.ide.mcu.externaltools.gnu-tools-for-stm32.14.3.rel1.win32_1.0.100.202602081740/tools/bin/../lib/gcc/arm-none-eabi/14.3.1/../../../../arm-none-eabi/lib/thumb/v7e-m+dp/hard\libc_nano.a(libc_a-findfp.o)
                0x080098a0                __sfp_lock_acquire
 .text.__sfp_lock_release
                0x080098ac        0xc C:/ST/STM32CubeIDE_2.1.1/STM32CubeIDE/plugins/com.st.stm32cube.ide.mcu.externaltools.gnu-tools-for-stm32.14.3.rel1.win32_1.0.100.202602081740/tools/bin/../lib/gcc/arm-none-eabi/14.3.1/../../../../arm-none-eabi/lib/thumb/v7e-m+dp/hard\libc_nano.a(libc_a-findfp.o)
                0x080098ac                __sfp_lock_release
 .text.__sinit  0x080098b8       0x30 C:/ST/STM32CubeIDE_2.1.1/STM32CubeIDE/plugins/com.st.stm32cube.ide.mcu.externaltools.gnu-tools-for-stm32.14.3.rel1.win32_1.0.100.202602081740/tools/bin/../lib/gcc/arm-none-eabi/14.3.1/../../../../arm-none-eabi/lib/thumb/v7e-m+dp/hard\libc_nano.a(libc_a-findfp.o)
                0x080098b8                __sinit
 .text._fwalk_sglue
                0x080098e8       0x3c C:/ST/STM32CubeIDE_2.1.1/STM32CubeIDE/plugins/com.st.stm32cube.ide.mcu.externaltools.gnu-tools-for-stm32.14.3.rel1.win32_1.0.100.202602081740/tools/bin/../lib/gcc/arm-none-eabi/14.3.1/../../../../arm-none-eabi/lib/thumb/v7e-m+dp/hard\libc_nano.a(libc_a-fwalk.o)
                0x080098e8                _fwalk_sglue
 .text.printf   0x08009924       0x24 C:/ST/STM32CubeIDE_2.1.1/STM32CubeIDE/plugins/com.st.stm32cube.ide.mcu.externaltools.gnu-tools-for-stm32.14.3.rel1.win32_1.0.100.202602081740/tools/bin/../lib/gcc/arm-none-eabi/14.3.1/../../../../arm-none-eabi/lib/thumb/v7e-m+dp/hard\libc_nano.a(libc_a-printf.o)
                0x08009924                iprintf
                0x08009924                printf
 .text._puts_r  0x08009948       0xaa C:/ST/STM32CubeIDE_2.1.1/STM32CubeIDE/plugins/com.st.stm32cube.ide.mcu.externaltools.gnu-tools-for-stm32.14.3.rel1.win32_1.0.100.202602081740/tools/bin/../lib/gcc/arm-none-eabi/14.3.1/../../../../arm-none-eabi/lib/thumb/v7e-m+dp/hard\libc_nano.a(libc_a-puts.o)
                0x08009948                _puts_r
 *fill*         0x080099f2        0x2 
 .text.puts     0x080099f4       0x10 C:/ST/STM32CubeIDE_2.1.1/STM32CubeIDE/plugins/com.st.stm32cube.ide.mcu.externaltools.gnu-tools-for-stm32.14.3.rel1.win32_1.0.100.202602081740/tools/bin/../lib/gcc/arm-none-eabi/14.3.1/../../../../arm-none-eabi/lib/thumb/v7e-m+dp/hard\libc_nano.a(libc_a-puts.o)
                0x080099f4                puts
 .text.sprintf  0x08009a04       0x44 C:/ST/STM32CubeIDE_2.1.1/STM32CubeIDE/plugins/com.st.stm32cube.ide.mcu.externaltools.gnu-tools-for-stm32.14.3.rel1.win32_1.0.100.202602081740/tools/bin/../lib/gcc/arm-none-eabi/14.3.1/../../../../arm-none-eabi/lib/thumb/v7e-m+dp/hard\libc_nano.a(libc_a-sprintf.o)
                0x08009a04                siprintf
                0x08009a04                sprintf
 .text.__sread  0x08009a48       0x22 C:/ST/STM32CubeIDE_2.1.1/STM32CubeIDE/plugins/com.st.stm32cube.ide.mcu.externaltools.gnu-tools-for-stm32.14.3.rel1.win32_1.0.100.202602081740/tools/bin/../lib/gcc/arm-none-eabi/14.3.1/../../../../arm-none-eabi/lib/thumb/v7e-m+dp/hard\libc_nano.a(libc_a-stdio.o)
                0x08009a48                __sread
 .text.__swrite
                0x08009a6a       0x38 C:/ST/STM32CubeIDE_2.1.1/STM32CubeIDE/plugins/com.st.stm32cube.ide.mcu.externaltools.gnu-tools-for-stm32.14.3.rel1.win32_1.0.100.202602081740/tools/bin/../lib/gcc/arm-none-eabi/14.3.1/../../../../arm-none-eabi/lib/thumb/v7e-m+dp/hard\libc_nano.a(libc_a-stdio.o)
                0x08009a6a                __swrite
 .text.__sseek  0x08009aa2       0x26 C:/ST/STM32CubeIDE_2.1.1/STM32CubeIDE/plugins/com.st.stm32cube.ide.mcu.externaltools.gnu-tools-for-stm32.14.3.rel1.win32_1.0.100.202602081740/tools/bin/../lib/gcc/arm-none-eabi/14.3.1/../../../../arm-none-eabi/lib/thumb/v7e-m+dp/hard\libc_nano.a(libc_a-stdio.o)
                0x08009aa2                __sseek
 .text.__sclose
                0x08009ac8        0x8 C:/ST/STM32CubeIDE_2.1.1/STM32CubeIDE/plugins/com.st.stm32cube.ide.mcu.externaltools.gnu-tools-for-stm32.14.3.rel1.win32_1.0.100.202602081740/tools/bin/../lib/gcc/arm-none-eabi/14.3.1/../../../../arm-none-eabi/lib/thumb/v7e-m+dp/hard\libc_nano.a(libc_a-stdio.o)
                0x08009ac8                __sclose
 .text.__swbuf_r
                0x08009ad0       0x7c C:/ST/STM32CubeIDE_2.1.1/STM32CubeIDE/plugins/com.st.stm32cube.ide.mcu.externaltools.gnu-tools-for-stm32.14.3.rel1.win32_1.0.100.202602081740/tools/bin/../lib/gcc/arm-none-eabi/14.3.1/../../../../arm-none-eabi/lib/thumb/v7e-m+dp/hard\libc_nano.a(libc_a-wbuf.o)
                0x08009ad0                __swbuf_r
 .text.__swsetup_r
                0x08009b4c       0xa8 C:/ST/STM32CubeIDE_2.1.1/STM32CubeIDE/plugins/com.st.stm32cube.ide.mcu.externaltools.gnu-tools-for-stm32.14.3.rel1.win32_1.0.100.202602081740/tools/bin/../lib/gcc/arm-none-eabi/14.3.1/../../../../arm-none-eabi/lib/thumb/v7e-m+dp/hard\libc_nano.a(libc_a-wsetup.o)
                0x08009b4c                __swsetup_r
 .text.memset   0x08009bf4       0x10 C:/ST/STM32CubeIDE_2.1.1/STM32CubeIDE/plugins/com.st.stm32cube.ide.mcu.externaltools.gnu-tools-for-stm32.14.3.rel1.win32_1.0.100.202602081740/tools/bin/../lib/gcc/arm-none-eabi/14.3.1/../../../../arm-none-eabi/lib/thumb/v7e-m+dp/hard\libc_nano.a(libc_a-memset.o)
                0x08009bf4                memset
 .text.strncmp  0x08009c04       0x24 C:/ST/STM32CubeIDE_2.1.1/STM32CubeIDE/plugins/com.st.stm32cube.ide.mcu.externaltools.gnu-tools-for-stm32.14.3.rel1.win32_1.0.100.202602081740/tools/bin/../lib/gcc/arm-none-eabi/14.3.1/../../../../arm-none-eabi/lib/thumb/v7e-m+dp/hard\libc_nano.a(libc_a-strncmp.o)
                0x08009c04                strncmp
 .text._localeconv_r
                0x08009c28        0x8 C:/ST/STM32CubeIDE_2.1.1/STM32CubeIDE/plugins/com.st.stm32cube.ide.mcu.externaltools.gnu-tools-for-stm32.14.3.rel1.win32_1.0.100.202602081740/tools/bin/../lib/gcc/arm-none-eabi/14.3.1/../../../../arm-none-eabi/lib/thumb/v7e-m+dp/hard\libc_nano.a(libc_a-localeconv.o)
                0x08009c28                _localeconv_r
 .text._close_r
                0x08009c30       0x20 C:/ST/STM32CubeIDE_2.1.1/STM32CubeIDE/plugins/com.st.stm32cube.ide.mcu.externaltools.gnu-tools-for-stm32.14.3.rel1.win32_1.0.100.202602081740/tools/bin/../lib/gcc/arm-none-eabi/14.3.1/../../../../arm-none-eabi/lib/thumb/v7e-m+dp/hard\libc_nano.a(libc_a-closer.o)
                0x08009c30                _close_r
 .text._lseek_r
                0x08009c50       0x24 C:/ST/STM32CubeIDE_2.1.1/STM32CubeIDE/plugins/com.st.stm32cube.ide.mcu.externaltools.gnu-tools-for-stm32.14.3.rel1.win32_1.0.100.202602081740/tools/bin/../lib/gcc/arm-none-eabi/14.3.1/../../../../arm-none-eabi/lib/thumb/v7e-m+dp/hard\libc_nano.a(libc_a-lseekr.o)
                0x08009c50                _lseek_r
 .text._read_r  0x08009c74       0x24 C:/ST/STM32CubeIDE_2.1.1/STM32CubeIDE/plugins/com.st.stm32cube.ide.mcu.externaltools.gnu-tools-for-stm32.14.3.rel1.win32_1.0.100.202602081740/tools/bin/../lib/gcc/arm-none-eabi/14.3.1/../../../../arm-none-eabi/lib/thumb/v7e-m+dp/hard\libc_nano.a(libc_a-readr.o)
                0x08009c74                _read_r
 .text._sbrk_r  0x08009c98       0x20 C:/ST/STM32CubeIDE_2.1.1/STM32CubeIDE/plugins/com.st.stm32cube.ide.mcu.externaltools.gnu-tools-for-stm32.14.3.rel1.win32_1.0.100.202602081740/tools/bin/../lib/gcc/arm-none-eabi/14.3.1/../../../../arm-none-eabi/lib/thumb/v7e-m+dp/hard\libc_nano.a(libc_a-sbrkr.o)
                0x08009c98                _sbrk_r
 .text._write_r
                0x08009cb8       0x24 C:/ST/STM32CubeIDE_2.1.1/STM32CubeIDE/plugins/com.st.stm32cube.ide.mcu.externaltools.gnu-tools-for-stm32.14.3.rel1.win32_1.0.100.202602081740/tools/bin/../lib/gcc/arm-none-eabi/14.3.1/../../../../arm-none-eabi/lib/thumb/v7e-m+dp/hard\libc_nano.a(libc_a-writer.o)
                0x08009cb8                _write_r
 .text.__errno  0x08009cdc        0xc C:/ST/STM32CubeIDE_2.1.1/STM32CubeIDE/plugins/com.st.stm32cube.ide.mcu.externaltools.gnu-tools-for-stm32.14.3.rel1.win32_1.0.100.202602081740/tools/bin/../lib/gcc/arm-none-eabi/14.3.1/../../../../arm-none-eabi/lib/thumb/v7e-m+dp/hard\libc_nano.a(libc_a-errno.o)
                0x08009cdc                __errno
 .text.__libc_init_array
                0x08009ce8       0x48 C:/ST/STM32CubeIDE_2.1.1/STM32CubeIDE/plugins/com.st.stm32cube.ide.mcu.externaltools.gnu-tools-for-stm32.14.3.rel1.win32_1.0.100.202602081740/tools/bin/../lib/gcc/arm-none-eabi/14.3.1/../../../../arm-none-eabi/lib/thumb/v7e-m+dp/hard\libc_nano.a(libc_a-init.o)
                0x08009ce8                __libc_init_array
 .text.__retarget_lock_init_recursive
                0x08009d30        0x2 C:/ST/STM32CubeIDE_2.1.1/STM32CubeIDE/plugins/com.st.stm32cube.ide.mcu.externaltools.gnu-tools-for-stm32.14.3.rel1.win32_1.0.100.202602081740/tools/bin/../lib/gcc/arm-none-eabi/14.3.1/../../../../arm-none-eabi/lib/thumb/v7e-m+dp/hard\libc_nano.a(libc_a-lock.o)
                0x08009d30                __retarget_lock_init_recursive
 .text.__retarget_lock_acquire_recursive
                0x08009d32        0x2 C:/ST/STM32CubeIDE_2.1.1/STM32CubeIDE/plugins/com.st.stm32cube.ide.mcu.externaltools.gnu-tools-for-stm32.14.3.rel1.win32_1.0.100.202602081740/tools/bin/../lib/gcc/arm-none-eabi/14.3.1/../../../../arm-none-eabi/lib/thumb/v7e-m+dp/hard\libc_nano.a(libc_a-lock.o)
                0x08009d32                __retarget_lock_acquire_recursive
 .text.__retarget_lock_release_recursive
                0x08009d34        0x2 C:/ST/STM32CubeIDE_2.1.1/STM32CubeIDE/plugins/com.st.stm32cube.ide.mcu.externaltools.gnu-tools-for-stm32.14.3.rel1.win32_1.0.100.202602081740/tools/bin/../lib/gcc/arm-none-eabi/14.3.1/../../../../arm-none-eabi/lib/thumb/v7e-m+dp/hard\libc_nano.a(libc_a-lock.o)
                0x08009d34                __retarget_lock_release_recursive
 .text.memcpy   0x08009d36       0x1c C:/ST/STM32CubeIDE_2.1.1/STM32CubeIDE/plugins/com.st.stm32cube.ide.mcu.externaltools.gnu-tools-for-stm32.14.3.rel1.win32_1.0.100.202602081740/tools/bin/../lib/gcc/arm-none-eabi/14.3.1/../../../../arm-none-eabi/lib/thumb/v7e-m+dp/hard\libc_nano.a(libc_a-memcpy-stub.o)
                0x08009d36                memcpy
 *fill*         0x08009d52        0x6 
 .text.nan      0x08009d58       0x10 C:/ST/STM32CubeIDE_2.1.1/STM32CubeIDE/plugins/com.st.stm32cube.ide.mcu.externaltools.gnu-tools-for-stm32.14.3.rel1.win32_1.0.100.202602081740/tools/bin/../lib/gcc/arm-none-eabi/14.3.1/../../../../arm-none-eabi/lib/thumb/v7e-m+dp/hard\libc_nano.a(libm_a-s_nan.o)
                0x08009d58                nan
 .text.nanf     0x08009d68        0xc C:/ST/STM32CubeIDE_2.1.1/STM32CubeIDE/plugins/com.st.stm32cube.ide.mcu.externaltools.gnu-tools-for-stm32.14.3.rel1.win32_1.0.100.202602081740/tools/bin/../lib/gcc/arm-none-eabi/14.3.1/../../../../arm-none-eabi/lib/thumb/v7e-m+dp/hard\libc_nano.a(libm_a-sf_nan.o)
                0x08009d68                nanf
 .text.quorem   0x08009d74      0x110 C:/ST/STM32CubeIDE_2.1.1/STM32CubeIDE/plugins/com.st.stm32cube.ide.mcu.externaltools.gnu-tools-for-stm32.14.3.rel1.win32_1.0.100.202602081740/tools/bin/../lib/gcc/arm-none-eabi/14.3.1/../../../../arm-none-eabi/lib/thumb/v7e-m+dp/hard\libc_nano.a(libc_a-dtoa.o)
 *fill*         0x08009e84        0x4 
 .text._dtoa_r  0x08009e88      0xa94 C:/ST/STM32CubeIDE_2.1.1/STM32CubeIDE/plugins/com.st.stm32cube.ide.mcu.externaltools.gnu-tools-for-stm32.14.3.rel1.win32_1.0.100.202602081740/tools/bin/../lib/gcc/arm-none-eabi/14.3.1/../../../../arm-none-eabi/lib/thumb/v7e-m+dp/hard\libc_nano.a(libc_a-dtoa.o)
                0x08009e88                _dtoa_r
 .text._free_r  0x0800a91c       0x94 C:/ST/STM32CubeIDE_2.1.1/STM32CubeIDE/plugins/com.st.stm32cube.ide.mcu.externaltools.gnu-tools-for-stm32.14.3.rel1.win32_1.0.100.202602081740/tools/bin/../lib/gcc/arm-none-eabi/14.3.1/../../../../arm-none-eabi/lib/thumb/v7e-m+dp/hard\libc_nano.a(libc_a-freer.o)
                0x0800a91c                _free_r
 .text.rshift   0x0800a9b0       0xa4 C:/ST/STM32CubeIDE_2.1.1/STM32CubeIDE/plugins/com.st.stm32cube.ide.mcu.externaltools.gnu-tools-for-stm32.14.3.rel1.win32_1.0.100.202602081740/tools/bin/../lib/gcc/arm-none-eabi/14.3.1/../../../../arm-none-eabi/lib/thumb/v7e-m+dp/hard\libc_nano.a(libc_a-gdtoa-gethex.o)
 .text.__hexdig_fun
                0x0800aa54       0x2a C:/ST/STM32CubeIDE_2.1.1/STM32CubeIDE/plugins/com.st.stm32cube.ide.mcu.externaltools.gnu-tools-for-stm32.14.3.rel1.win32_1.0.100.202602081740/tools/bin/../lib/gcc/arm-none-eabi/14.3.1/../../../../arm-none-eabi/lib/thumb/v7e-m+dp/hard\libc_nano.a(libc_a-gdtoa-gethex.o)
                0x0800aa54                __hexdig_fun
 *fill*         0x0800aa7e        0x2 
 .text.__gethex
                0x0800aa80      0x420 C:/ST/STM32CubeIDE_2.1.1/STM32CubeIDE/plugins/com.st.stm32cube.ide.mcu.externaltools.gnu-tools-for-stm32.14.3.rel1.win32_1.0.100.202602081740/tools/bin/../lib/gcc/arm-none-eabi/14.3.1/../../../../arm-none-eabi/lib/thumb/v7e-m+dp/hard\libc_nano.a(libc_a-gdtoa-gethex.o)
                0x0800aa80                __gethex
 .text.L_shift  0x0800aea0       0x24 C:/ST/STM32CubeIDE_2.1.1/STM32CubeIDE/plugins/com.st.stm32cube.ide.mcu.externaltools.gnu-tools-for-stm32.14.3.rel1.win32_1.0.100.202602081740/tools/bin/../lib/gcc/arm-none-eabi/14.3.1/../../../../arm-none-eabi/lib/thumb/v7e-m+dp/hard\libc_nano.a(libc_a-gdtoa-hexnan.o)
 .text.__match  0x0800aec4       0x28 C:/ST/STM32CubeIDE_2.1.1/STM32CubeIDE/plugins/com.st.stm32cube.ide.mcu.externaltools.gnu-tools-for-stm32.14.3.rel1.win32_1.0.100.202602081740/tools/bin/../lib/gcc/arm-none-eabi/14.3.1/../../../../arm-none-eabi/lib/thumb/v7e-m+dp/hard\libc_nano.a(libc_a-gdtoa-hexnan.o)
                0x0800aec4                __match
 .text.__hexnan
                0x0800aeec      0x13a C:/ST/STM32CubeIDE_2.1.1/STM32CubeIDE/plugins/com.st.stm32cube.ide.mcu.externaltools.gnu-tools-for-stm32.14.3.rel1.win32_1.0.100.202602081740/tools/bin/../lib/gcc/arm-none-eabi/14.3.1/../../../../arm-none-eabi/lib/thumb/v7e-m+dp/hard\libc_nano.a(libc_a-gdtoa-hexnan.o)
                0x0800aeec                __hexnan
 .text.__ascii_mbtowc
                0x0800b026       0x24 C:/ST/STM32CubeIDE_2.1.1/STM32CubeIDE/plugins/com.st.stm32cube.ide.mcu.externaltools.gnu-tools-for-stm32.14.3.rel1.win32_1.0.100.202602081740/tools/bin/../lib/gcc/arm-none-eabi/14.3.1/../../../../arm-none-eabi/lib/thumb/v7e-m+dp/hard\libc_nano.a(libc_a-mbtowc_r.o)
                0x0800b026                __ascii_mbtowc
 *fill*         0x0800b04a        0x2 
 .text._Balloc  0x0800b04c       0x7c C:/ST/STM32CubeIDE_2.1.1/STM32CubeIDE/plugins/com.st.stm32cube.ide.mcu.externaltools.gnu-tools-for-stm32.14.3.rel1.win32_1.0.100.202602081740/tools/bin/../lib/gcc/arm-none-eabi/14.3.1/../../../../arm-none-eabi/lib/thumb/v7e-m+dp/hard\libc_nano.a(libc_a-mprec.o)
                0x0800b04c                _Balloc
 .text._Bfree   0x0800b0c8       0x44 C:/ST/STM32CubeIDE_2.1.1/STM32CubeIDE/plugins/com.st.stm32cube.ide.mcu.externaltools.gnu-tools-for-stm32.14.3.rel1.win32_1.0.100.202602081740/tools/bin/../lib/gcc/arm-none-eabi/14.3.1/../../../../arm-none-eabi/lib/thumb/v7e-m+dp/hard\libc_nano.a(libc_a-mprec.o)
                0x0800b0c8                _Bfree
 .text.__multadd
                0x0800b10c       0x8c C:/ST/STM32CubeIDE_2.1.1/STM32CubeIDE/plugins/com.st.stm32cube.ide.mcu.externaltools.gnu-tools-for-stm32.14.3.rel1.win32_1.0.100.202602081740/tools/bin/../lib/gcc/arm-none-eabi/14.3.1/../../../../arm-none-eabi/lib/thumb/v7e-m+dp/hard\libc_nano.a(libc_a-mprec.o)
                0x0800b10c                __multadd
 .text.__s2b    0x0800b198       0x94 C:/ST/STM32CubeIDE_2.1.1/STM32CubeIDE/plugins/com.st.stm32cube.ide.mcu.externaltools.gnu-tools-for-stm32.14.3.rel1.win32_1.0.100.202602081740/tools/bin/../lib/gcc/arm-none-eabi/14.3.1/../../../../arm-none-eabi/lib/thumb/v7e-m+dp/hard\libc_nano.a(libc_a-mprec.o)
                0x0800b198                __s2b
 .text.__hi0bits
                0x0800b22c       0x3e C:/ST/STM32CubeIDE_2.1.1/STM32CubeIDE/plugins/com.st.stm32cube.ide.mcu.externaltools.gnu-tools-for-stm32.14.3.rel1.win32_1.0.100.202602081740/tools/bin/../lib/gcc/arm-none-eabi/14.3.1/../../../../arm-none-eabi/lib/thumb/v7e-m+dp/hard\libc_nano.a(libc_a-mprec.o)
                0x0800b22c                __hi0bits
 .text.__lo0bits
                0x0800b26a       0x5a C:/ST/STM32CubeIDE_2.1.1/STM32CubeIDE/plugins/com.st.stm32cube.ide.mcu.externaltools.gnu-tools-for-stm32.14.3.rel1.win32_1.0.100.202602081740/tools/bin/../lib/gcc/arm-none-eabi/14.3.1/../../../../arm-none-eabi/lib/thumb/v7e-m+dp/hard\libc_nano.a(libc_a-mprec.o)
                0x0800b26a                __lo0bits
 .text.__i2b    0x0800b2c4       0x2c C:/ST/STM32CubeIDE_2.1.1/STM32CubeIDE/plugins/com.st.stm32cube.ide.mcu.externaltools.gnu-tools-for-stm32.14.3.rel1.win32_1.0.100.202602081740/tools/bin/../lib/gcc/arm-none-eabi/14.3.1/../../../../arm-none-eabi/lib/thumb/v7e-m+dp/hard\libc_nano.a(libc_a-mprec.o)
                0x0800b2c4                __i2b
 .text.__multiply
                0x0800b2f0      0x154 C:/ST/STM32CubeIDE_2.1.1/STM32CubeIDE/plugins/com.st.stm32cube.ide.mcu.externaltools.gnu-tools-for-stm32.14.3.rel1.win32_1.0.100.202602081740/tools/bin/../lib/gcc/arm-none-eabi/14.3.1/../../../../arm-none-eabi/lib/thumb/v7e-m+dp/hard\libc_nano.a(libc_a-mprec.o)
                0x0800b2f0                __multiply
 .text.__pow5mult
                0x0800b444       0xb8 C:/ST/STM32CubeIDE_2.1.1/STM32CubeIDE/plugins/com.st.stm32cube.ide.mcu.externaltools.gnu-tools-for-stm32.14.3.rel1.win32_1.0.100.202602081740/tools/bin/../lib/gcc/arm-none-eabi/14.3.1/../../../../arm-none-eabi/lib/thumb/v7e-m+dp/hard\libc_nano.a(libc_a-mprec.o)
                0x0800b444                __pow5mult
 .text.__lshift
                0x0800b4fc       0xdc C:/ST/STM32CubeIDE_2.1.1/STM32CubeIDE/plugins/com.st.stm32cube.ide.mcu.externaltools.gnu-tools-for-stm32.14.3.rel1.win32_1.0.100.202602081740/tools/bin/../lib/gcc/arm-none-eabi/14.3.1/../../../../arm-none-eabi/lib/thumb/v7e-m+dp/hard\libc_nano.a(libc_a-mprec.o)
                0x0800b4fc                __lshift
 .text.__mcmp   0x0800b5d8       0x36 C:/ST/STM32CubeIDE_2.1.1/STM32CubeIDE/plugins/com.st.stm32cube.ide.mcu.externaltools.gnu-tools-for-stm32.14.3.rel1.win32_1.0.100.202602081740/tools/bin/../lib/gcc/arm-none-eabi/14.3.1/../../../../arm-none-eabi/lib/thumb/v7e-m+dp/hard\libc_nano.a(libc_a-mprec.o)
                0x0800b5d8                __mcmp
 *fill*         0x0800b60e        0x2 
 .text.__mdiff  0x0800b610      0x130 C:/ST/STM32CubeIDE_2.1.1/STM32CubeIDE/plugins/com.st.stm32cube.ide.mcu.externaltools.gnu-tools-for-stm32.14.3.rel1.win32_1.0.100.202602081740/tools/bin/../lib/gcc/arm-none-eabi/14.3.1/../../../../arm-none-eabi/lib/thumb/v7e-m+dp/hard\libc_nano.a(libc_a-mprec.o)
                0x0800b610                __mdiff
 .text.__ulp    0x0800b740       0x4c C:/ST/STM32CubeIDE_2.1.1/STM32CubeIDE/plugins/com.st.stm32cube.ide.mcu.externaltools.gnu-tools-for-stm32.14.3.rel1.win32_1.0.100.202602081740/tools/bin/../lib/gcc/arm-none-eabi/14.3.1/../../../../arm-none-eabi/lib/thumb/v7e-m+dp/hard\libc_nano.a(libc_a-mprec.o)
                0x0800b740                __ulp
 .text.__b2d    0x0800b78c       0x94 C:/ST/STM32CubeIDE_2.1.1/STM32CubeIDE/plugins/com.st.stm32cube.ide.mcu.externaltools.gnu-tools-for-stm32.14.3.rel1.win32_1.0.100.202602081740/tools/bin/../lib/gcc/arm-none-eabi/14.3.1/../../../../arm-none-eabi/lib/thumb/v7e-m+dp/hard\libc_nano.a(libc_a-mprec.o)
                0x0800b78c                __b2d
 .text.__d2b    0x0800b820       0xb0 C:/ST/STM32CubeIDE_2.1.1/STM32CubeIDE/plugins/com.st.stm32cube.ide.mcu.externaltools.gnu-tools-for-stm32.14.3.rel1.win32_1.0.100.202602081740/tools/bin/../lib/gcc/arm-none-eabi/14.3.1/../../../../arm-none-eabi/lib/thumb/v7e-m+dp/hard\libc_nano.a(libc_a-mprec.o)
                0x0800b820                __d2b
 .text.__ratio  0x0800b8d0       0x5e C:/ST/STM32CubeIDE_2.1.1/STM32CubeIDE/plugins/com.st.stm32cube.ide.mcu.externaltools.gnu-tools-for-stm32.14.3.rel1.win32_1.0.100.202602081740/tools/bin/../lib/gcc/arm-none-eabi/14.3.1/../../../../arm-none-eabi/lib/thumb/v7e-m+dp/hard\libc_nano.a(libc_a-mprec.o)
                0x0800b8d0                __ratio
 .text.__copybits
                0x0800b92e       0x46 C:/ST/STM32CubeIDE_2.1.1/STM32CubeIDE/plugins/com.st.stm32cube.ide.mcu.externaltools.gnu-tools-for-stm32.14.3.rel1.win32_1.0.100.202602081740/tools/bin/../lib/gcc/arm-none-eabi/14.3.1/../../../../arm-none-eabi/lib/thumb/v7e-m+dp/hard\libc_nano.a(libc_a-mprec.o)
                0x0800b92e                __copybits
 .text.__any_on
                0x0800b974       0x42 C:/ST/STM32CubeIDE_2.1.1/STM32CubeIDE/plugins/com.st.stm32cube.ide.mcu.externaltools.gnu-tools-for-stm32.14.3.rel1.win32_1.0.100.202602081740/tools/bin/../lib/gcc/arm-none-eabi/14.3.1/../../../../arm-none-eabi/lib/thumb/v7e-m+dp/hard\libc_nano.a(libc_a-mprec.o)
                0x0800b974                __any_on
 .text._malloc_usable_size_r
                0x0800b9b6       0x10 C:/ST/STM32CubeIDE_2.1.1/STM32CubeIDE/plugins/com.st.stm32cube.ide.mcu.externaltools.gnu-tools-for-stm32.14.3.rel1.win32_1.0.100.202602081740/tools/bin/../lib/gcc/arm-none-eabi/14.3.1/../../../../arm-none-eabi/lib/thumb/v7e-m+dp/hard\libc_nano.a(libc_a-msizer.o)
                0x0800b9b6                _malloc_usable_size_r
 *fill*         0x0800b9c6        0x2 
 .text._strtol_l.isra.0
                0x0800b9c8       0xf4 C:/ST/STM32CubeIDE_2.1.1/STM32CubeIDE/plugins/com.st.stm32cube.ide.mcu.externaltools.gnu-tools-for-stm32.14.3.rel1.win32_1.0.100.202602081740/tools/bin/../lib/gcc/arm-none-eabi/14.3.1/../../../../arm-none-eabi/lib/thumb/v7e-m+dp/hard\libc_nano.a(libc_a-strtol.o)
 .text._strtol_r
                0x0800babc        0x4 C:/ST/STM32CubeIDE_2.1.1/STM32CubeIDE/plugins/com.st.stm32cube.ide.mcu.externaltools.gnu-tools-for-stm32.14.3.rel1.win32_1.0.100.202602081740/tools/bin/../lib/gcc/arm-none-eabi/14.3.1/../../../../arm-none-eabi/lib/thumb/v7e-m+dp/hard\libc_nano.a(libc_a-strtol.o)
                0x0800babc                _strtol_r
 .text.__ascii_wctomb
                0x0800bac0       0x1a C:/ST/STM32CubeIDE_2.1.1/STM32CubeIDE/plugins/com.st.stm32cube.ide.mcu.externaltools.gnu-tools-for-stm32.14.3.rel1.win32_1.0.100.202602081740/tools/bin/../lib/gcc/arm-none-eabi/14.3.1/../../../../arm-none-eabi/lib/thumb/v7e-m+dp/hard\libc_nano.a(libc_a-wctomb_r.o)
                0x0800bac0                __ascii_wctomb
 .text.__ssputs_r
                0x0800bada       0xc0 C:/ST/STM32CubeIDE_2.1.1/STM32CubeIDE/plugins/com.st.stm32cube.ide.mcu.externaltools.gnu-tools-for-stm32.14.3.rel1.win32_1.0.100.202602081740/tools/bin/../lib/gcc/arm-none-eabi/14.3.1/../../../../arm-none-eabi/lib/thumb/v7e-m+dp/hard\libc_nano.a(libc_a-nano-svfprintf.o)
                0x0800bada                __ssputs_r
 *fill*         0x0800bb9a        0x2 
 .text._svfprintf_r
                0x0800bb9c      0x1f0 C:/ST/STM32CubeIDE_2.1.1/STM32CubeIDE/plugins/com.st.stm32cube.ide.mcu.externaltools.gnu-tools-for-stm32.14.3.rel1.win32_1.0.100.202602081740/tools/bin/../lib/gcc/arm-none-eabi/14.3.1/../../../../arm-none-eabi/lib/thumb/v7e-m+dp/hard\libc_nano.a(libc_a-nano-svfprintf.o)
                0x0800bb9c                _svfiprintf_r
                0x0800bb9c                _svfprintf_r
 .text.__sfputc_r
                0x0800bd8c       0x2e C:/ST/STM32CubeIDE_2.1.1/STM32CubeIDE/plugins/com.st.stm32cube.ide.mcu.externaltools.gnu-tools-for-stm32.14.3.rel1.win32_1.0.100.202602081740/tools/bin/../lib/gcc/arm-none-eabi/14.3.1/../../../../arm-none-eabi/lib/thumb/v7e-m+dp/hard\libc_nano.a(libc_a-nano-vfprintf.o)
 .text.__sfputs_r
                0x0800bdba       0x24 C:/ST/STM32CubeIDE_2.1.1/STM32CubeIDE/plugins/com.st.stm32cube.ide.mcu.externaltools.gnu-tools-for-stm32.14.3.rel1.win32_1.0.100.202602081740/tools/bin/../lib/gcc/arm-none-eabi/14.3.1/../../../../arm-none-eabi/lib/thumb/v7e-m+dp/hard\libc_nano.a(libc_a-nano-vfprintf.o)
                0x0800bdba                __sfputs_r
 *fill*         0x0800bdde        0x2 
 .text._vfprintf_r
                0x0800bde0      0x228 C:/ST/STM32CubeIDE_2.1.1/STM32CubeIDE/plugins/com.st.stm32cube.ide.mcu.externaltools.gnu-tools-for-stm32.14.3.rel1.win32_1.0.100.202602081740/tools/bin/../lib/gcc/arm-none-eabi/14.3.1/../../../../arm-none-eabi/lib/thumb/v7e-m+dp/hard\libc_nano.a(libc_a-nano-vfprintf.o)
                0x0800bde0                _vfprintf_r
                0x0800bde0                _vfiprintf_r
 .text.__swhatbuf_r
                0x0800c008       0x48 C:/ST/STM32CubeIDE_2.1.1/STM32CubeIDE/plugins/com.st.stm32cube.ide.mcu.externaltools.gnu-tools-for-stm32.14.3.rel1.win32_1.0.100.202602081740/tools/bin/../lib/gcc/arm-none-eabi/14.3.1/../../../../arm-none-eabi/lib/thumb/v7e-m+dp/hard\libc_nano.a(libc_a-makebuf.o)
                0x0800c008                __swhatbuf_r
 .text.__smakebuf_r
                0x0800c050       0x72 C:/ST/STM32CubeIDE_2.1.1/STM32CubeIDE/plugins/com.st.stm32cube.ide.mcu.externaltools.gnu-tools-for-stm32.14.3.rel1.win32_1.0.100.202602081740/tools/bin/../lib/gcc/arm-none-eabi/14.3.1/../../../../arm-none-eabi/lib/thumb/v7e-m+dp/hard\libc_nano.a(libc_a-makebuf.o)
                0x0800c050                __smakebuf_r
 .text.memmove  0x0800c0c2       0x32 C:/ST/STM32CubeIDE_2.1.1/STM32CubeIDE/plugins/com.st.stm32cube.ide.mcu.externaltools.gnu-tools-for-stm32.14.3.rel1.win32_1.0.100.202602081740/tools/bin/../lib/gcc/arm-none-eabi/14.3.1/../../../../arm-none-eabi/lib/thumb/v7e-m+dp/hard\libc_nano.a(libc_a-memmove.o)
                0x0800c0c2                memmove
 .text._fstat_r
                0x0800c0f4       0x24 C:/ST/STM32CubeIDE_2.1.1/STM32CubeIDE/plugins/com.st.stm32cube.ide.mcu.externaltools.gnu-tools-for-stm32.14.3.rel1.win32_1.0.100.202602081740/tools/bin/../lib/gcc/arm-none-eabi/14.3.1/../../../../arm-none-eabi/lib/thumb/v7e-m+dp/hard\libc_nano.a(libc_a-fstatr.o)
                0x0800c0f4                _fstat_r
 .text._isatty_r
                0x0800c118       0x20 C:/ST/STM32CubeIDE_2.1.1/STM32CubeIDE/plugins/com.st.stm32cube.ide.mcu.externaltools.gnu-tools-for-stm32.14.3.rel1.win32_1.0.100.202602081740/tools/bin/../lib/gcc/arm-none-eabi/14.3.1/../../../../arm-none-eabi/lib/thumb/v7e-m+dp/hard\libc_nano.a(libc_a-isattyr.o)
                0x0800c118                _isatty_r
 .text.__assert_func
                0x0800c138       0x3c C:/ST/STM32CubeIDE_2.1.1/STM32CubeIDE/plugins/com.st.stm32cube.ide.mcu.externaltools.gnu-tools-for-stm32.14.3.rel1.win32_1.0.100.202602081740/tools/bin/../lib/gcc/arm-none-eabi/14.3.1/../../../../arm-none-eabi/lib/thumb/v7e-m+dp/hard\libc_nano.a(libc_a-assert.o)
                0x0800c138                __assert_func
 .text._calloc_r
                0x0800c174       0x28 C:/ST/STM32CubeIDE_2.1.1/STM32CubeIDE/plugins/com.st.stm32cube.ide.mcu.externaltools.gnu-tools-for-stm32.14.3.rel1.win32_1.0.100.202602081740/tools/bin/../lib/gcc/arm-none-eabi/14.3.1/../../../../arm-none-eabi/lib/thumb/v7e-m+dp/hard\libc_nano.a(libc_a-callocr.o)
                0x0800c174                _calloc_r
 .text.fprintf  0x0800c19c       0x24 C:/ST/STM32CubeIDE_2.1.1/STM32CubeIDE/plugins/com.st.stm32cube.ide.mcu.externaltools.gnu-tools-for-stm32.14.3.rel1.win32_1.0.100.202602081740/tools/bin/../lib/gcc/arm-none-eabi/14.3.1/../../../../arm-none-eabi/lib/thumb/v7e-m+dp/hard\libc_nano.a(libc_a-fprintf.o)
                0x0800c19c                fiprintf
                0x0800c19c                fprintf
 .text.abort    0x0800c1c0        0xe C:/ST/STM32CubeIDE_2.1.1/STM32CubeIDE/plugins/com.st.stm32cube.ide.mcu.externaltools.gnu-tools-for-stm32.14.3.rel1.win32_1.0.100.202602081740/tools/bin/../lib/gcc/arm-none-eabi/14.3.1/../../../../arm-none-eabi/lib/thumb/v7e-m+dp/hard\libc_nano.a(libc_a-abort.o)
                0x0800c1c0                abort
 .text._raise_r
                0x0800c1ce       0x50 C:/ST/STM32CubeIDE_2.1.1/STM32CubeIDE/plugins/com.st.stm32cube.ide.mcu.externaltools.gnu-tools-for-stm32.14.3.rel1.win32_1.0.100.202602081740/tools/bin/../lib/gcc/arm-none-eabi/14.3.1/../../../../arm-none-eabi/lib/thumb/v7e-m+dp/hard\libc_nano.a(libc_a-signal.o)
                0x0800c1ce                _raise_r
 *fill*         0x0800c21e        0x2 
 .text.raise    0x0800c220       0x10 C:/ST/STM32CubeIDE_2.1.1/STM32CubeIDE/plugins/com.st.stm32cube.ide.mcu.externaltools.gnu-tools-for-stm32.14.3.rel1.win32_1.0.100.202602081740/tools/bin/../lib/gcc/arm-none-eabi/14.3.1/../../../../arm-none-eabi/lib/thumb/v7e-m+dp/hard\libc_nano.a(libc_a-signal.o)
                0x0800c220                raise
 .text._kill_r  0x0800c230       0x24 C:/ST/STM32CubeIDE_2.1.1/STM32CubeIDE/plugins/com.st.stm32cube.ide.mcu.externaltools.gnu-tools-for-stm32.14.3.rel1.win32_1.0.100.202602081740/tools/bin/../lib/gcc/arm-none-eabi/14.3.1/../../../../arm-none-eabi/lib/thumb/v7e-m+dp/hard\libc_nano.a(libc_a-signalr.o)
                0x0800c230                _kill_r
 .text._getpid_r
                0x0800c254        0x4 C:/ST/STM32CubeIDE_2.1.1/STM32CubeIDE/plugins/com.st.stm32cube.ide.mcu.externaltools.gnu-tools-for-stm32.14.3.rel1.win32_1.0.100.202602081740/tools/bin/../lib/gcc/arm-none-eabi/14.3.1/../../../../arm-none-eabi/lib/thumb/v7e-m+dp/hard\libc_nano.a(libc_a-signalr.o)
                0x0800c254                _getpid_r
 .text.fabsf    0x0800c258       0x10 C:/ST/STM32CubeIDE_2.1.1/STM32CubeIDE/plugins/com.st.stm32cube.ide.mcu.externaltools.gnu-tools-for-stm32.14.3.rel1.win32_1.0.100.202602081740/tools/bin/../lib/gcc/arm-none-eabi/14.3.1/../../../../arm-none-eabi/lib/thumb/v7e-m+dp/hard\libm.a(libm_a-sf_fabs.o)
                0x0800c258                fabsf
 .text.tanhf    0x0800c268       0xf8 C:/ST/STM32CubeIDE_2.1.1/STM32CubeIDE/plugins/com.st.stm32cube.ide.mcu.externaltools.gnu-tools-for-stm32.14.3.rel1.win32_1.0.100.202602081740/tools/bin/../lib/gcc/arm-none-eabi/14.3.1/../../../../arm-none-eabi/lib/thumb/v7e-m+dp/hard\libm.a(libm_a-sf_tanh.o)
                0x0800c268                tanhf
 .text.expm1f   0x0800c360      0x26c C:/ST/STM32CubeIDE_2.1.1/STM32CubeIDE/plugins/com.st.stm32cube.ide.mcu.externaltools.gnu-tools-for-stm32.14.3.rel1.win32_1.0.100.202602081740/tools/bin/../lib/gcc/arm-none-eabi/14.3.1/../../../../arm-none-eabi/lib/thumb/v7e-m+dp/hard\libm.a(libm_a-sf_expm1.o)
                0x0800c360                expm1f
 .text.with_errnof
                0x0800c5cc       0x1c C:/ST/STM32CubeIDE_2.1.1/STM32CubeIDE/plugins/com.st.stm32cube.ide.mcu.externaltools.gnu-tools-for-stm32.14.3.rel1.win32_1.0.100.202602081740/tools/bin/../lib/gcc/arm-none-eabi/14.3.1/../../../../arm-none-eabi/lib/thumb/v7e-m+dp/hard\libm.a(libm_a-math_errf.o)
 .text.xflowf   0x0800c5e8       0x20 C:/ST/STM32CubeIDE_2.1.1/STM32CubeIDE/plugins/com.st.stm32cube.ide.mcu.externaltools.gnu-tools-for-stm32.14.3.rel1.win32_1.0.100.202602081740/tools/bin/../lib/gcc/arm-none-eabi/14.3.1/../../../../arm-none-eabi/lib/thumb/v7e-m+dp/hard\libm.a(libm_a-math_errf.o)
 .text.__math_oflowf
                0x0800c608        0xc C:/ST/STM32CubeIDE_2.1.1/STM32CubeIDE/plugins/com.st.stm32cube.ide.mcu.externaltools.gnu-tools-for-stm32.14.3.rel1.win32_1.0.100.202602081740/tools/bin/../lib/gcc/arm-none-eabi/14.3.1/../../../../arm-none-eabi/lib/thumb/v7e-m+dp/hard\libm.a(libm_a-math_errf.o)
                0x0800c608                __math_oflowf
 *(.glue_7)
 .glue_7        0x0800c614        0x0 linker stubs
 *(.glue_7t)
 .glue_7t       0x0800c614        0x0 linker stubs
 *(.eh_frame)
 .eh_frame      0x0800c614        0x0 C:/ST/STM32CubeIDE_2.1.1/STM32CubeIDE/plugins/com.st.stm32cube.ide.mcu.externaltools.gnu-tools-for-stm32.14.3.rel1.win32_1.0.100.202602081740/tools/bin/../lib/gcc/arm-none-eabi/14.3.1/thumb/v7e-m+dp/hard/crtbegin.o
 *(.init)
 .init          0x0800c614        0x4 C:/ST/STM32CubeIDE_2.1.1/STM32CubeIDE/plugins/com.st.stm32cube.ide.mcu.externaltools.gnu-tools-for-stm32.14.3.rel1.win32_1.0.100.202602081740/tools/bin/../lib/gcc/arm-none-eabi/14.3.1/thumb/v7e-m+dp/hard/crti.o
                0x0800c614                _init
 .init          0x0800c618        0x8 C:/ST/STM32CubeIDE_2.1.1/STM32CubeIDE/plugins/com.st.stm32cube.ide.mcu.externaltools.gnu-tools-for-stm32.14.3.rel1.win32_1.0.100.202602081740/tools/bin/../lib/gcc/arm-none-eabi/14.3.1/thumb/v7e-m+dp/hard/crtn.o
 *(.fini)
 .fini          0x0800c620        0x4 C:/ST/STM32CubeIDE_2.1.1/STM32CubeIDE/plugins/com.st.stm32cube.ide.mcu.externaltools.gnu-tools-for-stm32.14.3.rel1.win32_1.0.100.202602081740/tools/bin/../lib/gcc/arm-none-eabi/14.3.1/thumb/v7e-m+dp/hard/crti.o
                0x0800c620                _fini
 .fini          0x0800c624        0x8 C:/ST/STM32CubeIDE_2.1.1/STM32CubeIDE/plugins/com.st.stm32cube.ide.mcu.externaltools.gnu-tools-for-stm32.14.3.rel1.win32_1.0.100.202602081740/tools/bin/../lib/gcc/arm-none-eabi/14.3.1/thumb/v7e-m+dp/hard/crtn.o
                0x0800c62c                        . = ALIGN (0x4)
                0x0800c62c                        _etext = .

.vfp11_veneer   0x0800c62c        0x0
 .vfp11_veneer  0x0800c62c        0x0 linker stubs

.v4_bx          0x0800c62c        0x0
 .v4_bx         0x0800c62c        0x0 linker stubs

.iplt           0x0800c62c        0x0
 .iplt          0x0800c62c        0x0 C:/ST/STM32CubeIDE_2.1.1/STM32CubeIDE/plugins/com.st.stm32cube.ide.mcu.externaltools.gnu-tools-for-stm32.14.3.rel1.win32_1.0.100.202602081740/tools/bin/../lib/gcc/arm-none-eabi/14.3.1/thumb/v7e-m+dp/hard/crtbegin.o

.rodata         0x0800c640     0x17e0
                0x0800c640                        . = ALIGN (0x4)
 *(.rodata)
 .rodata        0x0800c640       0x30 ./X-CUBE-AI/App/sin_data.o
 *(.rodata*)
 .rodata.D1CorePrescTable
                0x0800c670       0x10 ./Common/Src/system_stm32h7xx_dualcore_boot_cm4_cm7.o
                0x0800c670                D1CorePrescTable
 .rodata.main.str1.4
                0x0800c680       0xf4 ./Core/Src/main.o
 .rodata.UARTPrescTable
                0x0800c774       0x18 ./Drivers/STM32H7xx_HAL_Driver/stm32h7xx_hal_uart.o
                0x0800c774                UARTPrescTable
 .rodata.numerator.1
                0x0800c78c        0x8 ./Drivers/STM32H7xx_HAL_Driver/stm32h7xx_hal_uart_ex.o
 .rodata.denominator.0
                0x0800c794        0x8 ./Drivers/STM32H7xx_HAL_Driver/stm32h7xx_hal_uart_ex.o
 .rodata.gemm_4_chain
                0x0800c79c        0x8 ./X-CUBE-AI/App/sin.o
 .rodata.nl_3_chain
                0x0800c7a4        0x8 ./X-CUBE-AI/App/sin.o
 .rodata.gemm_2_chain
                0x0800c7ac        0x8 ./X-CUBE-AI/App/sin.o
 .rodata.nl_1_chain
                0x0800c7b4        0x8 ./X-CUBE-AI/App/sin.o
 .rodata.gemm_0_chain
                0x0800c7bc        0x8 ./X-CUBE-AI/App/sin.o
 *fill*         0x0800c7c4       0x1c 
 .rodata.s_sin_weights_array_u64
                0x0800c7e0     0x1208 ./X-CUBE-AI/App/sin_data_params.o
                0x0800c7e0                s_sin_weights_array_u64
 .rodata._strtod_l.str1.1
                0x0800d9e8      0x1d6 C:/ST/STM32CubeIDE_2.1.1/STM32CubeIDE/plugins/com.st.stm32cube.ide.mcu.externaltools.gnu-tools-for-stm32.14.3.rel1.win32_1.0.100.202602081740/tools/bin/../lib/gcc/arm-none-eabi/14.3.1/../../../../arm-none-eabi/lib/thumb/v7e-m+dp/hard\libc_nano.a(libc_a-strtod.o)
                                  0xf (size before relaxing)
 *fill*         0x0800dbbe        0x2 
 .rodata.fpinan.0
                0x0800dbc0       0x14 C:/ST/STM32CubeIDE_2.1.1/STM32CubeIDE/plugins/com.st.stm32cube.ide.mcu.externaltools.gnu-tools-for-stm32.14.3.rel1.win32_1.0.100.202602081740/tools/bin/../lib/gcc/arm-none-eabi/14.3.1/../../../../arm-none-eabi/lib/thumb/v7e-m+dp/hard\libc_nano.a(libc_a-strtod.o)
 .rodata.fpi.1  0x0800dbd4       0x14 C:/ST/STM32CubeIDE_2.1.1/STM32CubeIDE/plugins/com.st.stm32cube.ide.mcu.externaltools.gnu-tools-for-stm32.14.3.rel1.win32_1.0.100.202602081740/tools/bin/../lib/gcc/arm-none-eabi/14.3.1/../../../../arm-none-eabi/lib/thumb/v7e-m+dp/hard\libc_nano.a(libc_a-strtod.o)
 .rodata.tinytens
                0x0800dbe8       0x28 C:/ST/STM32CubeIDE_2.1.1/STM32CubeIDE/plugins/com.st.stm32cube.ide.mcu.externaltools.gnu-tools-for-stm32.14.3.rel1.win32_1.0.100.202602081740/tools/bin/../lib/gcc/arm-none-eabi/14.3.1/../../../../arm-none-eabi/lib/thumb/v7e-m+dp/hard\libc_nano.a(libc_a-strtod.o)
 .rodata._printf_float.str1.1
                0x0800dc10       0x12 C:/ST/STM32CubeIDE_2.1.1/STM32CubeIDE/plugins/com.st.stm32cube.ide.mcu.externaltools.gnu-tools-for-stm32.14.3.rel1.win32_1.0.100.202602081740/tools/bin/../lib/gcc/arm-none-eabi/14.3.1/../../../../arm-none-eabi/lib/thumb/v7e-m+dp/hard\libc_nano.a(libc_a-nano-vfprintf_float.o)
 .rodata._printf_i.str1.1
                0x0800dc10       0x22 C:/ST/STM32CubeIDE_2.1.1/STM32CubeIDE/plugins/com.st.stm32cube.ide.mcu.externaltools.gnu-tools-for-stm32.14.3.rel1.win32_1.0.100.202602081740/tools/bin/../lib/gcc/arm-none-eabi/14.3.1/../../../../arm-none-eabi/lib/thumb/v7e-m+dp/hard\libc_nano.a(libc_a-nano-vfprintf_i.o)
 .rodata._scanf_float.str1.1
                0x0800dc10        0x6 C:/ST/STM32CubeIDE_2.1.1/STM32CubeIDE/plugins/com.st.stm32cube.ide.mcu.externaltools.gnu-tools-for-stm32.14.3.rel1.win32_1.0.100.202602081740/tools/bin/../lib/gcc/arm-none-eabi/14.3.1/../../../../arm-none-eabi/lib/thumb/v7e-m+dp/hard\libc_nano.a(libc_a-nano-vfscanf_float.o)
 .rodata._setlocale_r.str1.1
                0x0800dc10        0x9 C:/ST/STM32CubeIDE_2.1.1/STM32CubeIDE/plugins/com.st.stm32cube.ide.mcu.externaltools.gnu-tools-for-stm32.14.3.rel1.win32_1.0.100.202602081740/tools/bin/../lib/gcc/arm-none-eabi/14.3.1/../../../../arm-none-eabi/lib/thumb/v7e-m+dp/hard\libc_nano.a(libc_a-locale.o)
 .rodata.str1.1
                0x0800dc10        0x2 C:/ST/STM32CubeIDE_2.1.1/STM32CubeIDE/plugins/com.st.stm32cube.ide.mcu.externaltools.gnu-tools-for-stm32.14.3.rel1.win32_1.0.100.202602081740/tools/bin/../lib/gcc/arm-none-eabi/14.3.1/../../../../arm-none-eabi/lib/thumb/v7e-m+dp/hard\libc_nano.a(libc_a-locale.o)
 .rodata._dtoa_r.str1.1
                0x0800dc10       0x8f C:/ST/STM32CubeIDE_2.1.1/STM32CubeIDE/plugins/com.st.stm32cube.ide.mcu.externaltools.gnu-tools-for-stm32.14.3.rel1.win32_1.0.100.202602081740/tools/bin/../lib/gcc/arm-none-eabi/14.3.1/../../../../arm-none-eabi/lib/thumb/v7e-m+dp/hard\libc_nano.a(libc_a-dtoa.o)
 .rodata.__gethex.str1.1
                0x0800dc10       0x73 C:/ST/STM32CubeIDE_2.1.1/STM32CubeIDE/plugins/com.st.stm32cube.ide.mcu.externaltools.gnu-tools-for-stm32.14.3.rel1.win32_1.0.100.202602081740/tools/bin/../lib/gcc/arm-none-eabi/14.3.1/../../../../arm-none-eabi/lib/thumb/v7e-m+dp/hard\libc_nano.a(libc_a-gdtoa-gethex.o)
 .rodata._Balloc.str1.1
                0x0800dc10       0x70 C:/ST/STM32CubeIDE_2.1.1/STM32CubeIDE/plugins/com.st.stm32cube.ide.mcu.externaltools.gnu-tools-for-stm32.14.3.rel1.win32_1.0.100.202602081740/tools/bin/../lib/gcc/arm-none-eabi/14.3.1/../../../../arm-none-eabi/lib/thumb/v7e-m+dp/hard\libc_nano.a(libc_a-mprec.o)
 .rodata.__multadd.str1.1
                0x0800dc10       0x11 C:/ST/STM32CubeIDE_2.1.1/STM32CubeIDE/plugins/com.st.stm32cube.ide.mcu.externaltools.gnu-tools-for-stm32.14.3.rel1.win32_1.0.100.202602081740/tools/bin/../lib/gcc/arm-none-eabi/14.3.1/../../../../arm-none-eabi/lib/thumb/v7e-m+dp/hard\libc_nano.a(libc_a-mprec.o)
 .rodata.p05.0  0x0800dc10        0xc C:/ST/STM32CubeIDE_2.1.1/STM32CubeIDE/plugins/com.st.stm32cube.ide.mcu.externaltools.gnu-tools-for-stm32.14.3.rel1.win32_1.0.100.202602081740/tools/bin/../lib/gcc/arm-none-eabi/14.3.1/../../../../arm-none-eabi/lib/thumb/v7e-m+dp/hard\libc_nano.a(libc_a-mprec.o)
 *fill*         0x0800dc1c        0x4 
 .rodata.__mprec_bigtens
                0x0800dc20       0x28 C:/ST/STM32CubeIDE_2.1.1/STM32CubeIDE/plugins/com.st.stm32cube.ide.mcu.externaltools.gnu-tools-for-stm32.14.3.rel1.win32_1.0.100.202602081740/tools/bin/../lib/gcc/arm-none-eabi/14.3.1/../../../../arm-none-eabi/lib/thumb/v7e-m+dp/hard\libc_nano.a(libc_a-mprec.o)
                0x0800dc20                __mprec_bigtens
 .rodata.__mprec_tens
                0x0800dc48       0xc8 C:/ST/STM32CubeIDE_2.1.1/STM32CubeIDE/plugins/com.st.stm32cube.ide.mcu.externaltools.gnu-tools-for-stm32.14.3.rel1.win32_1.0.100.202602081740/tools/bin/../lib/gcc/arm-none-eabi/14.3.1/../../../../arm-none-eabi/lib/thumb/v7e-m+dp/hard\libc_nano.a(libc_a-mprec.o)
                0x0800dc48                __mprec_tens
 .rodata._ctype_
                0x0800dd10      0x101 C:/ST/STM32CubeIDE_2.1.1/STM32CubeIDE/plugins/com.st.stm32cube.ide.mcu.externaltools.gnu-tools-for-stm32.14.3.rel1.win32_1.0.100.202602081740/tools/bin/../lib/gcc/arm-none-eabi/14.3.1/../../../../arm-none-eabi/lib/thumb/v7e-m+dp/hard\libc_nano.a(libc_a-ctype_.o)
                0x0800dd10                _ctype_
 .rodata._svfprintf_r.str1.1
                0x0800de11       0x11 C:/ST/STM32CubeIDE_2.1.1/STM32CubeIDE/plugins/com.st.stm32cube.ide.mcu.externaltools.gnu-tools-for-stm32.14.3.rel1.win32_1.0.100.202602081740/tools/bin/../lib/gcc/arm-none-eabi/14.3.1/../../../../arm-none-eabi/lib/thumb/v7e-m+dp/hard\libc_nano.a(libc_a-nano-svfprintf.o)
 .rodata._vfprintf_r.str1.1
                0x0800de11       0x11 C:/ST/STM32CubeIDE_2.1.1/STM32CubeIDE/plugins/com.st.stm32cube.ide.mcu.externaltools.gnu-tools-for-stm32.14.3.rel1.win32_1.0.100.202602081740/tools/bin/../lib/gcc/arm-none-eabi/14.3.1/../../../../arm-none-eabi/lib/thumb/v7e-m+dp/hard\libc_nano.a(libc_a-nano-vfprintf.o)
 .rodata.__assert_func.str1.1
                0x0800de11       0x3d C:/ST/STM32CubeIDE_2.1.1/STM32CubeIDE/plugins/com.st.stm32cube.ide.mcu.externaltools.gnu-tools-for-stm32.14.3.rel1.win32_1.0.100.202602081740/tools/bin/../lib/gcc/arm-none-eabi/14.3.1/../../../../arm-none-eabi/lib/thumb/v7e-m+dp/hard\libc_nano.a(libc_a-assert.o)
 *fill*         0x0800de11        0x3 
 .rodata.tiny   0x0800de14        0x4 C:/ST/STM32CubeIDE_2.1.1/STM32CubeIDE/plugins/com.st.stm32cube.ide.mcu.externaltools.gnu-tools-for-stm32.14.3.rel1.win32_1.0.100.202602081740/tools/bin/../lib/gcc/arm-none-eabi/14.3.1/../../../../arm-none-eabi/lib/thumb/v7e-m+dp/hard\libm.a(libm_a-sf_tanh.o)
 .rodata.two    0x0800de18        0x4 C:/ST/STM32CubeIDE_2.1.1/STM32CubeIDE/plugins/com.st.stm32cube.ide.mcu.externaltools.gnu-tools-for-stm32.14.3.rel1.win32_1.0.100.202602081740/tools/bin/../lib/gcc/arm-none-eabi/14.3.1/../../../../arm-none-eabi/lib/thumb/v7e-m+dp/hard\libm.a(libm_a-sf_tanh.o)
 .rodata.one    0x0800de1c        0x4 C:/ST/STM32CubeIDE_2.1.1/STM32CubeIDE/plugins/com.st.stm32cube.ide.mcu.externaltools.gnu-tools-for-stm32.14.3.rel1.win32_1.0.100.202602081740/tools/bin/../lib/gcc/arm-none-eabi/14.3.1/../../../../arm-none-eabi/lib/thumb/v7e-m+dp/hard\libm.a(libm_a-sf_tanh.o)
                0x0800de20                        . = ALIGN (0x4)

.ARM.extab      0x0800de20        0x0
                0x0800de20                        . = ALIGN (0x4)
 *(.ARM.extab* .gnu.linkonce.armextab.*)
                0x0800de20                        . = ALIGN (0x4)

.ARM            0x0800de20        0x8
                0x0800de20                        . = ALIGN (0x4)
                0x0800de20                        __exidx_start = .
 *(.ARM.exidx*)
 .ARM.exidx     0x0800de20        0x8 C:/ST/STM32CubeIDE_2.1.1/STM32CubeIDE/plugins/com.st.stm32cube.ide.mcu.externaltools.gnu-tools-for-stm32.14.3.rel1.win32_1.0.100.202602081740/tools/bin/../lib/gcc/arm-none-eabi/14.3.1/../../../../arm-none-eabi/lib/thumb/v7e-m+dp/hard\libc_nano.a(libc_a-memchr.o)
 .ARM.exidx     0x0800de28        0x0 C:/ST/STM32CubeIDE_2.1.1/STM32CubeIDE/plugins/com.st.stm32cube.ide.mcu.externaltools.gnu-tools-for-stm32.14.3.rel1.win32_1.0.100.202602081740/tools/bin/../lib/gcc/arm-none-eabi/14.3.1/../../../../arm-none-eabi/lib/thumb/v7e-m+dp/hard\libc_nano.a(libc_a-strlen.o)
                                  0x8 (size before relaxing)
 .ARM.exidx     0x0800de28        0x0 C:/ST/STM32CubeIDE_2.1.1/STM32CubeIDE/plugins/com.st.stm32cube.ide.mcu.externaltools.gnu-tools-for-stm32.14.3.rel1.win32_1.0.100.202602081740/tools/bin/../lib/gcc/arm-none-eabi/14.3.1/thumb/v7e-m+dp/hard\libgcc.a(_udivmoddi4.o)
                                  0x8 (size before relaxing)
                0x0800de28                        __exidx_end = .
                0x0800de28                        . = ALIGN (0x4)

.preinit_array  0x0800de28        0x0
                0x0800de28                        . = ALIGN (0x4)
                0x0800de28                        PROVIDE (__preinit_array_start = .)
 *(.preinit_array*)
                0x0800de28                        PROVIDE (__preinit_array_end = .)
                0x0800de28                        . = ALIGN (0x4)

.init_array     0x0800de28        0x4
                0x0800de28                        . = ALIGN (0x4)
                0x0800de28                        PROVIDE (__init_array_start = .)
 *(SORT_BY_NAME(.init_array.*))
 *(.init_array*)
 .init_array    0x0800de28        0x4 C:/ST/STM32CubeIDE_2.1.1/STM32CubeIDE/plugins/com.st.stm32cube.ide.mcu.externaltools.gnu-tools-for-stm32.14.3.rel1.win32_1.0.100.202602081740/tools/bin/../lib/gcc/arm-none-eabi/14.3.1/thumb/v7e-m+dp/hard/crtbegin.o
                0x0800de2c                        PROVIDE (__init_array_end = .)
                0x0800de2c                        . = ALIGN (0x4)

.fini_array     0x0800de2c        0x4
                0x0800de2c                        . = ALIGN (0x4)
                [!provide]                        PROVIDE (__fini_array_start = .)
 *(SORT_BY_NAME(.fini_array.*))
 *(.fini_array*)
 .fini_array    0x0800de2c        0x4 C:/ST/STM32CubeIDE_2.1.1/STM32CubeIDE/plugins/com.st.stm32cube.ide.mcu.externaltools.gnu-tools-for-stm32.14.3.rel1.win32_1.0.100.202602081740/tools/bin/../lib/gcc/arm-none-eabi/14.3.1/thumb/v7e-m+dp/hard/crtbegin.o
                [!provide]                        PROVIDE (__fini_array_end = .)
                0x0800de30                        . = ALIGN (0x4)
                0x0800de30                        _sidata = LOADADDR (.data)

.rel.dyn        0x0800de30        0x0
 .rel.iplt      0x0800de30        0x0 C:/ST/STM32CubeIDE_2.1.1/STM32CubeIDE/plugins/com.st.stm32cube.ide.mcu.externaltools.gnu-tools-for-stm32.14.3.rel1.win32_1.0.100.202602081740/tools/bin/../lib/gcc/arm-none-eabi/14.3.1/thumb/v7e-m+dp/hard/crtbegin.o

.data           0x24000000      0x86c load address 0x0800de30
                0x24000000                        . = ALIGN (0x4)
                0x24000000                        _sdata = .
 *(.data)
 *(.data*)
 .data.SystemCoreClock
                0x24000000        0x4 ./Common/Src/system_stm32h7xx_dualcore_boot_cm4_cm7.o
                0x24000000                SystemCoreClock
 .data.SystemD2Clock
                0x24000004        0x4 ./Common/Src/system_stm32h7xx_dualcore_boot_cm4_cm7.o
                0x24000004                SystemD2Clock
 .data.uwTickPrio
                0x24000008        0x4 ./Drivers/STM32H7xx_HAL_Driver/stm32h7xx_hal.o
                0x24000008                uwTickPrio
 .data.uwTickFreq
                0x2400000c        0x1 ./Drivers/STM32H7xx_HAL_Driver/stm32h7xx_hal.o
                0x2400000c                uwTickFreq
 *fill*         0x2400000d        0x3 
 .data.serving_default_keras_tensor_40_output_array
                0x24000010       0x10 ./X-CUBE-AI/App/sin.o
 .data.gemm_0_output_array
                0x24000020       0x10 ./X-CUBE-AI/App/sin.o
 .data.nl_1_output_array
                0x24000030       0x10 ./X-CUBE-AI/App/sin.o
 .data.gemm_2_output_array
                0x24000040       0x10 ./X-CUBE-AI/App/sin.o
 .data.nl_3_output_array
                0x24000050       0x10 ./X-CUBE-AI/App/sin.o
 .data.gemm_4_output_array
                0x24000060       0x10 ./X-CUBE-AI/App/sin.o
 .data.gemm_0_weights_array
                0x24000070       0x10 ./X-CUBE-AI/App/sin.o
 .data.gemm_0_bias_array
                0x24000080       0x10 ./X-CUBE-AI/App/sin.o
 .data.gemm_2_weights_array
                0x24000090       0x10 ./X-CUBE-AI/App/sin.o